node.exe : npm error Missing script: "test"
At line:1 char:1
+ & "C:\Program Files\nodejs/node.exe" "C:\Users\r.kowdampalli\AppData\ ...
+ ~~~~~~~~~~~~~~~~~~~~~~~~~~~~~~~~~~~~~~~~~~~~~~~~~~~~~~~~~~~~~~~~~~~~~
    + CategoryInfo          : NotSpecified: (npm error Missing script: "test": 
   String) [], RemoteException
    + FullyQualifiedErrorId : NativeCommandError
 
npm error
npm error To see a list of scripts, run:
npm error   npm run
npm error A complete log of this run can be found in: C:\Users\r.kowdampalli\Ap
pData\Local\npm-cache\_logs\2026-02-10T13_06_50_289Z-debug-0.log
