
> mylab-backend@1.0.0 test
> jest

node.exe : ts-jest[ts-jest-transformer] (WARN) Define `ts-jest` config under 
`globals` is deprecated. Please do
At line:1 char:1
+ & "C:\Program Files\nodejs/node.exe" "C:\Users\r.kowdampalli\AppData\ ...
+ ~~~~~~~~~~~~~~~~~~~~~~~~~~~~~~~~~~~~~~~~~~~~~~~~~~~~~~~~~~~~~~~~~~~~~
    + CategoryInfo          : NotSpecified: (ts-jest[ts-jest...ated. Please do 
   :String) [], RemoteException
    + FullyQualifiedErrorId : NativeCommandError
 
transform: {
    <transform_regex>: ['ts-jest', { /* ts-jest config goes here in Jest */ }],
},
See more at 
https://kulshekhar.github.io/ts-jest/docs/getting-started/presets#advanced
FAIL src/tests/sqlite.integration.test.ts (241.486 s)
  SQLite DB Integration
    ├ù Insert and fetch Workspace (120008 ms)
    ├ù Insert and fetch User (120015 ms)

  ÔùÅ SQLite DB Integration ÔÇ║ Insert and fetch Workspace

    expect(received).toBeNull()

    Received: [Error: SQLITE_CONSTRAINT: UNIQUE constraint failed: 
Workspace.slug]

    [0m [90m 20 |[39m       [[32m'w1'[39m[33m,[39m 
[32m'TestOrg'[39m[33m,[39m [32m'testorg'[39m[33m,[39m 
[32m'research'[39m][33m,[39m
     [90m 21 |[39m       (err) [33m=>[39m {
    [31m[1m>[22m[39m[90m 22 |[39m         
expect(err)[33m.[39mtoBeNull()[33m;[39m
     [90m    |[39m                     [31m[1m^[22m[39m
     [90m 23 |[39m         db[33m.[39m[36mget[39m([32m`SELECT * FROM 
Workspace WHERE id = ?`[39m[33m,[39m [[32m'w1'[39m][33m,[39m 
(err2[33m,[39m row) [33m=>[39m {
     [90m 24 |[39m           expect(err2)[33m.[39mtoBeNull()[33m;[39m
     [90m 25 |[39m           expect((row [36mas[39m 
any)[33m.[39mname)[33m.[39mtoBe([32m'TestOrg'[39m)[33m;[39m[0m

      at Statement.<anonymous> (src/tests/sqlite.integration.test.ts:22:21)

  ÔùÅ SQLite DB Integration ÔÇ║ Insert and fetch Workspace

    thrown: "Exceeded timeout of 120000 ms for a test while waiting for 
`done()` to be called.
    Add a timeout value to this test to increase the timeout, if this is a 
long-running test. See https://jestjs.io/docs/api#testname-fn-timeout."

    [0m [90m 15 |[39m   })[33m;[39m
     [90m 16 |[39m
    [31m[1m>[22m[39m[90m 17 |[39m   test([32m'Insert and fetch 
Workspace'[39m[33m,[39m (done) [33m=>[39m {
     [90m    |[39m   [31m[1m^[22m[39m
     [90m 18 |[39m     db[33m.[39mrun(
     [90m 19 |[39m       [32m`INSERT INTO Workspace (id, name, slug, type) 
VALUES (?, ?, ?, ?)`[39m[33m,[39m
     [90m 20 |[39m       [[32m'w1'[39m[33m,[39m 
[32m'TestOrg'[39m[33m,[39m [32m'testorg'[39m[33m,[39m 
[32m'research'[39m][33m,[39m[0m

      at src/tests/sqlite.integration.test.ts:17:3
      at Object.<anonymous> (src/tests/sqlite.integration.test.ts:5:1)

  ÔùÅ SQLite DB Integration ÔÇ║ Insert and fetch User

    expect(received).toBeNull()

    Received: [Error: SQLITE_CONSTRAINT: UNIQUE constraint failed: 
Users.workspace_id, Users.email]

    [0m [90m 35 |[39m       [[32m'u1'[39m[33m,[39m 
[32m'w1'[39m[33m,[39m [32m'user@example.com'[39m[33m,[39m 
[32m'admin'[39m][33m,[39m
     [90m 36 |[39m       (err) [33m=>[39m {
    [31m[1m>[22m[39m[90m 37 |[39m         
expect(err)[33m.[39mtoBeNull()[33m;[39m
     [90m    |[39m                     [31m[1m^[22m[39m
     [90m 38 |[39m         db[33m.[39m[36mget[39m([32m`SELECT * FROM 
Users WHERE id = ?`[39m[33m,[39m [[32m'u1'[39m][33m,[39m 
(err2[33m,[39m row) [33m=>[39m {
     [90m 39 |[39m           expect(err2)[33m.[39mtoBeNull()[33m;[39m
     [90m 40 |[39m           expect((row [36mas[39m any)[33m.[39memail)[
33m.[39mtoBe([32m'user@example.com'[39m)[33m;[39m[0m

      at Statement.<anonymous> (src/tests/sqlite.integration.test.ts:37:21)

  ÔùÅ SQLite DB Integration ÔÇ║ Insert and fetch User

    thrown: "Exceeded timeout of 120000 ms for a test while waiting for 
`done()` to be called.
    Add a timeout value to this test to increase the timeout, if this is a 
long-running test. See https://jestjs.io/docs/api#testname-fn-timeout."

    [0m [90m 30 |[39m   })[33m;[39m
     [90m 31 |[39m
    [31m[1m>[22m[39m[90m 32 |[39m   test([32m'Insert and fetch 
User'[39m[33m,[39m (done) [33m=>[39m {
     [90m    |[39m   [31m[1m^[22m[39m
     [90m 33 |[39m     db[33m.[39mrun(
     [90m 34 |[39m       [32m`INSERT INTO Users (id, workspace_id, email, 
role) VALUES (?, ?, ?, ?)`[39m[33m,[39m
     [90m 35 |[39m       [[32m'u1'[39m[33m,[39m 
[32m'w1'[39m[33m,[39m [32m'user@example.com'[39m[33m,[39m 
[32m'admin'[39m][33m,[39m[0m

      at src/tests/sqlite.integration.test.ts:32:3
      at Object.<anonymous> (src/tests/sqlite.integration.test.ts:5:1)

  console.log
    ­ƒöº Environment Configuration Loaded

      at Object.<anonymous> (src/preload.ts:7:9)

  console.log
      NODE_ENV: test

      at Object.<anonymous> (src/preload.ts:8:9)

  console.log
      DATABASE_URL: SET

      at Object.<anonymous> (src/preload.ts:9:9)

  console.log
      PORT: 3001

      at Object.<anonymous> (src/preload.ts:10:9)

  console.log
    
    ­ƒôè PostgreSQL Connection Configuration:

      at Object.<anonymous> (src/db.ts:6:9)

  console.log
      URL: postgresql://postgres:gdJBJcoNQarrHQLXYtHlGtHVIdWL...

      at Object.<anonymous> (src/db.ts:7:9)

[2026-02-10 14:11:25] [32minfo[39m: [32mFetching projects for workspace[39m {
  "workspaceId": "ws-1"
}
  console.log
    Ô£à Database pool connection established

      at BoundPool.<anonymous> (src/db.ts:29:11)

[2026-02-10 14:11:27] [31merror[39m: [31mFailed to list projects[39m {
  "workspaceId": "ws-1",
  "error": {
    "length": 136,
    "name": "error",
    "severity": "ERROR",
    "code": "22P02",
    "where": "unnamed portal parameter $1 = '...'",
    "file": "uuid.c",
    "line": "138",
    "routine": "string_to_uuid"
  }
}
[2026-02-10 14:11:27] [32minfo[39m: [32mFetching projects for workspace[39m {
  "workspaceId": "ws-1"
}
  console.log
    Ô£à Database pool connection established

      at BoundPool.<anonymous> (src/db.ts:29:11)

[2026-02-10 14:11:29] [31merror[39m: [31mFailed to list projects[39m {
  "workspaceId": "ws-1",
  "error": {
    "length": 136,
    "name": "error",
    "severity": "ERROR",
    "code": "22P02",
    "where": "unnamed portal parameter $1 = '...'",
    "file": "uuid.c",
    "line": "138",
    "routine": "string_to_uuid"
  }
}
[2026-02-10 14:11:29] [32minfo[39m: [32mFetching projects for workspace[39m {
  "workspaceId": "ws-1"
}
  console.log
    Ô£à Database pool connection established

      at BoundPool.<anonymous> (src/db.ts:29:11)

[2026-02-10 14:11:31] [31merror[39m: [31mFailed to list projects[39m {
  "workspaceId": "ws-1",
  "error": {
    "length": 136,
    "name": "error",
    "severity": "ERROR",
    "code": "22P02",
    "where": "unnamed portal parameter $1 = '...'",
    "file": "uuid.c",
    "line": "138",
    "routine": "string_to_uuid"
  }
}
[2026-02-10 14:11:31] [32minfo[39m: [32mFetching project[39m {
  "projectId": "proj-1",
  "workspaceId": "ws-1"
}
  console.log
    Ô£à Database pool connection established

      at BoundPool.<anonymous> (src/db.ts:29:11)

[2026-02-10 14:11:33] [31merror[39m: [31mFailed to get project[39m {
  "projectId": "proj-1",
  "workspaceId": "ws-1",
  "error": {
    "length": 138,
    "name": "error",
    "severity": "ERROR",
    "code": "22P02",
    "where": "unnamed portal parameter $1 = '...'",
    "file": "uuid.c",
    "line": "138",
    "routine": "string_to_uuid"
  }
}
[2026-02-10 14:11:33] [32minfo[39m: [32mFetching project[39m {
  "projectId": "proj-1",
  "workspaceId": "ws-1"
}
  console.log
    Ô£à Database pool connection established

      at BoundPool.<anonymous> (src/db.ts:29:11)

[2026-02-10 14:11:35] [31merror[39m: [31mFailed to get project[39m {
  "projectId": "proj-1",
  "workspaceId": "ws-1",
  "error": {
    "length": 138,
    "name": "error",
    "severity": "ERROR",
    "code": "22P02",
    "where": "unnamed portal parameter $1 = '...'",
    "file": "uuid.c",
    "line": "138",
    "routine": "string_to_uuid"
  }
}
[2026-02-10 14:11:35] [32minfo[39m: [32mCreating project[39m {
  "workspaceId": "ws-1",
  "userId": "user-1",
  "data": {
    "name": "New Project",
    "clientOrgId": "org-1",
    "executingOrgId": "org-2"
  }
}
  console.log
    Ô£à Database pool connection established

      at BoundPool.<anonymous> (src/db.ts:29:11)

[2026-02-10 14:11:37] [31merror[39m: [31mFailed to create project[39m {
  "workspaceId": "ws-1",
  "userId": "user-1",
  "error": {
    "length": 137,
    "name": "error",
    "severity": "ERROR",
    "code": "22P02",
    "where": "unnamed portal parameter $1 = '...'",
    "file": "uuid.c",
    "line": "138",
    "routine": "string_to_uuid"
  }
}
[2026-02-10 14:11:37] [32minfo[39m: [32mCreating project[39m {
  "workspaceId": "ws-1",
  "userId": "user-1",
  "data": {
    "name": "New Project",
    "clientOrgId": "org-1",
    "executingOrgId": "org-invalid"
  }
}
  console.log
    Ô£à Database pool connection established

      at BoundPool.<anonymous> (src/db.ts:29:11)

[2026-02-10 14:11:38] [31merror[39m: [31mFailed to create project[39m {
  "workspaceId": "ws-1",
  "userId": "user-1",
  "error": {
    "length": 143,
    "name": "error",
    "severity": "ERROR",
    "code": "22P02",
    "where": "unnamed portal parameter $1 = '...'",
    "file": "uuid.c",
    "line": "138",
    "routine": "string_to_uuid"
  }
}
[2026-02-10 14:11:38] [32minfo[39m: [32mUpdating project[39m {
  "projectId": "proj-1",
  "workspaceId": "ws-1",
  "data": {
    "name": "Updated Project",
    "status": "completed"
  }
}
  console.log
    Ô£à Database pool connection established

      at BoundPool.<anonymous> (src/db.ts:29:11)

[2026-02-10 14:11:40] [31merror[39m: [31mFailed to update project[39m {
  "projectId": "proj-1",
  "workspaceId": "ws-1",
  "error": {
    "length": 138,
    "name": "error",
    "severity": "ERROR",
    "code": "22P02",
    "where": "unnamed portal parameter $3 = '...'",
    "file": "uuid.c",
    "line": "138",
    "routine": "string_to_uuid"
  }
}
[2026-02-10 14:11:40] [32minfo[39m: [32mUpdating project[39m {
  "projectId": "proj-1",
  "workspaceId": "ws-1",
  "data": {}
}
[2026-02-10 14:11:40] [31merror[39m: [31mFailed to update project[39m {
  "projectId": "proj-1",
  "workspaceId": "ws-1",
  "error": {
    "name": "InvalidProjectDataError"
  }
}
[2026-02-10 14:11:40] [32minfo[39m: [32mUpdating project[39m {
  "projectId": "proj-invalid",
  "workspaceId": "ws-1",
  "data": {
    "name": "New Name"
  }
}
  console.log
    Ô£à Database pool connection established

      at BoundPool.<anonymous> (src/db.ts:29:11)

[2026-02-10 14:11:41] [31merror[39m: [31mFailed to update project[39m {
  "projectId": "proj-invalid",
  "workspaceId": "ws-1",
  "error": {
    "length": 144,
    "name": "error",
    "severity": "ERROR",
    "code": "22P02",
    "where": "unnamed portal parameter $2 = '...'",
    "file": "uuid.c",
    "line": "138",
    "routine": "string_to_uuid"
  }
}
[2026-02-10 14:11:41] [32minfo[39m: [32mDeleting project[39m {
  "projectId": "proj-1",
  "workspaceId": "ws-1"
}
  console.log
    Ô£à Database pool connection established

      at BoundPool.<anonymous> (src/db.ts:29:11)

[2026-02-10 14:11:43] [31merror[39m: [31mFailed to delete project[39m {
  "projectId": "proj-1",
  "workspaceId": "ws-1",
  "error": {
    "length": 138,
    "name": "error",
    "severity": "ERROR",
    "code": "22P02",
    "where": "unnamed portal parameter $1 = '...'",
    "file": "uuid.c",
    "line": "138",
    "routine": "string_to_uuid"
  }
}
[2026-02-10 14:11:43] [32minfo[39m: [32mDeleting project[39m {
  "projectId": "proj-invalid",
  "workspaceId": "ws-1"
}
  console.log
    Ô£à Database pool connection established

      at BoundPool.<anonymous> (src/db.ts:29:11)

[2026-02-10 14:11:44] [31merror[39m: [31mFailed to delete project[39m {
  "projectId": "proj-invalid",
  "workspaceId": "ws-1",
  "error": {
    "length": 144,
    "name": "error",
    "severity": "ERROR",
    "code": "22P02",
    "where": "unnamed portal parameter $1 = '...'",
    "file": "uuid.c",
    "line": "138",
    "routine": "string_to_uuid"
  }
}
  console.log
    Ô£à Database pool connection established

      at BoundPool.<anonymous> (src/db.ts:29:11)

[2026-02-10 14:11:46] [31merror[39m: [31mFailed to count projects[39m {
  "workspaceId": "ws-1",
  "error": {
    "length": 136,
    "name": "error",
    "severity": "ERROR",
    "code": "22P02",
    "where": "unnamed portal parameter $1 = '...'",
    "file": "uuid.c",
    "line": "138",
    "routine": "string_to_uuid"
  }
}
FAIL src/api/projects/__tests__/service.test.ts (20.834 s)
  ProjectService
    listProjects
      ├ù should return list of projects for workspace (1850 ms)
      ├ù should return empty array when no projects exist (1565 ms)
      ├ù should handle database errors (1685 ms)
    getProject
      ├ù should return specific project (2961 ms)
      ├ù should throw ProjectNotFoundError when project does not exist (1605 
ms)
    createProject
      ├ù should create a new project (1534 ms)
      ├ù should throw error if organizations do not exist (1512 ms)
    updateProject
      ├ù should update project fields (1498 ms)
      ÔêÜ should throw error when no fields to update (1 ms)
      ├ù should throw ProjectNotFoundError when project does not exist (1517 
ms)
    deleteProject
      ├ù should soft delete project (1524 ms)
      ├ù should throw ProjectNotFoundError when project does not exist (1524 
ms)
    countProjects
      ├ù should return project count for workspace (1648 ms)

  ÔùÅ ProjectService ÔÇ║ listProjects ÔÇ║ should return list of projects for 
workspace

    error: invalid input syntax for type uuid: "ws-1"

    [0m [90m 24 |[39m       logger[33m.[39minfo([32m'Fetching projects 
for workspace'[39m[33m,[39m { workspaceId })[33m;[39m
     [90m 25 |[39m
    [31m[1m>[22m[39m[90m 26 |[39m       [36mconst[39m result 
[33m=[39m [36mawait[39m pool[33m.[39mquery(
     [90m    |[39m                      [31m[1m^[22m[39m
     [90m 27 |[39m         [32m`[39m
     [90m 28 |[39m [32m        SELECT[39m
     [90m 29 |[39m [32m          p.id,[39m[0m

      at node_modules/pg-pool/index.js:45:11
      at Function.listProjects (src/api/projects/service.ts:26:22)
      at Object.<anonymous> (src/api/projects/__tests__/service.test.ts:33:22)

  ÔùÅ ProjectService ÔÇ║ listProjects ÔÇ║ should return empty array when no 
projects exist

    error: invalid input syntax for type uuid: "ws-1"

    [0m [90m 24 |[39m       logger[33m.[39minfo([32m'Fetching projects 
for workspace'[39m[33m,[39m { workspaceId })[33m;[39m
     [90m 25 |[39m
    [31m[1m>[22m[39m[90m 26 |[39m       [36mconst[39m result 
[33m=[39m [36mawait[39m pool[33m.[39mquery(
     [90m    |[39m                      [31m[1m^[22m[39m
     [90m 27 |[39m         [32m`[39m
     [90m 28 |[39m [32m        SELECT[39m
     [90m 29 |[39m [32m          p.id,[39m[0m

      at node_modules/pg-pool/index.js:45:11
      at Function.listProjects (src/api/projects/service.ts:26:22)
      at Object.<anonymous> (src/api/projects/__tests__/service.test.ts:45:22)

  ÔùÅ ProjectService ÔÇ║ listProjects ÔÇ║ should handle database errors

    expect(received).rejects.toThrow(expected)

    Expected substring: "DB Error"
    Received message:   "invalid input syntax for type uuid: \"ws-1\""

        [0m [90m 24 |[39m       logger[33m.[39minfo([32m'Fetching 
projects for workspace'[39m[33m,[39m { workspaceId })[33m;[39m
         [90m 25 |[39m
        [31m[1m>[22m[39m[90m 26 |[39m       [36mconst[39m result 
[33m=[39m [36mawait[39m pool[33m.[39mquery(
         [90m    |[39m                      [31m[1m^[22m[39m
         [90m 27 |[39m         [32m`[39m
         [90m 28 |[39m [32m        SELECT[39m
         [90m 29 |[39m [32m          p.id,[39m[0m

      at node_modules/pg-pool/index.js:45:11
      at Function.listProjects (src/api/projects/service.ts:26:22)
      at Object.<anonymous> (src/api/projects/__tests__/service.test.ts:53:7)
      at Object.toThrow (node_modules/expect/build/index.js:218:22)
      at Object.<anonymous> (src/api/projects/__tests__/service.test.ts:53:65)

  ÔùÅ ProjectService ÔÇ║ getProject ÔÇ║ should return specific project

    error: invalid input syntax for type uuid: "proj-1"

    [0m [90m 64 |[39m       logger[33m.[39minfo([32m'Fetching 
project'[39m[33m,[39m { projectId[33m,[39m workspaceId })[33m;[39m
     [90m 65 |[39m
    [31m[1m>[22m[39m[90m 66 |[39m       [36mconst[39m result 
[33m=[39m [36mawait[39m pool[33m.[39mquery(
     [90m    |[39m                      [31m[1m^[22m[39m
     [90m 67 |[39m         [32m`[39m
     [90m 68 |[39m [32m        SELECT[39m
     [90m 69 |[39m [32m          p.id,[39m[0m

      at node_modules/pg-pool/index.js:45:11
      at Function.getProject (src/api/projects/service.ts:66:22)
      at Object.<anonymous> (src/api/projects/__tests__/service.test.ts:69:22)

  ÔùÅ ProjectService ÔÇ║ getProject ÔÇ║ should throw ProjectNotFoundError when 
project does not exist

    expect(received).rejects.toThrow(expected)

    Expected constructor: ProjectNotFoundError
    Received constructor: DatabaseError

    Received message: "invalid input syntax for type uuid: \"proj-1\""

        [0m [90m 64 |[39m       logger[33m.[39minfo([32m'Fetching 
project'[39m[33m,[39m { projectId[33m,[39m workspaceId })[33m;[39m
         [90m 65 |[39m
        [31m[1m>[22m[39m[90m 66 |[39m       [36mconst[39m result 
[33m=[39m [36mawait[39m pool[33m.[39mquery(
         [90m    |[39m                      [31m[1m^[22m[39m
         [90m 67 |[39m         [32m`[39m
         [90m 68 |[39m [32m        SELECT[39m
         [90m 69 |[39m [32m          p.id,[39m[0m

      at node_modules/pg-pool/index.js:45:11
      at Function.getProject (src/api/projects/service.ts:66:22)
      at Object.<anonymous> (src/api/projects/__tests__/service.test.ts:81:7)
      at Object.toThrow (node_modules/expect/build/index.js:218:22)
      at Object.<anonymous> (src/api/projects/__tests__/service.test.ts:81:73)

  ÔùÅ ProjectService ÔÇ║ createProject ÔÇ║ should create a new project

    error: invalid input syntax for type uuid: "org-2"

    [0m [90m 114 |[39m
     [90m 115 |[39m       [90m// Validate executing org exists[39m
    [31m[1m>[22m[39m[90m 116 |[39m       [36mconst[39m executingOrg 
[33m=[39m [36mawait[39m pool[33m.[39mquery(
     [90m     |[39m                            [31m[1m^[22m[39m
     [90m 117 |[39m         [32m`SELECT id FROM organizations WHERE id = $1 
AND deleted_at IS NULL`[39m[33m,[39m
     [90m 118 |[39m         [data[33m.[39mexecutingOrgId]
     [90m 119 |[39m       )[33m;[39m[0m

      at node_modules/pg-pool/index.js:45:11
      at Function.createProject (src/api/projects/service.ts:116:28)
      at Object.<anonymous> (src/api/projects/__tests__/service.test.ts:107:22)

  ÔùÅ ProjectService ÔÇ║ createProject ÔÇ║ should throw error if organizations 
do not exist

    expect(received).rejects.toThrow(expected)

    Expected constructor: InvalidProjectDataError
    Received constructor: DatabaseError

    Received message: "invalid input syntax for type uuid: \"org-invalid\""

        [0m [90m 114 |[39m
         [90m 115 |[39m       [90m// Validate executing org exists[39m
        [31m[1m>[22m[39m[90m 116 |[39m       [36mconst[39m 
executingOrg [33m=[39m [36mawait[39m pool[33m.[39mquery(
         [90m     |[39m                            [31m[1m^[22m[39m
         [90m 117 |[39m         [32m`SELECT id FROM organizations WHERE id 
= $1 AND deleted_at IS NULL`[39m[33m,[39m
         [90m 118 |[39m         [data[33m.[39mexecutingOrgId]
         [90m 119 |[39m       )[33m;[39m[0m

      at node_modules/pg-pool/index.js:45:11
      at Function.createProject (src/api/projects/service.ts:116:28)
      at Object.<anonymous> (src/api/projects/__tests__/service.test.ts:121:7)
      at Object.toThrow (node_modules/expect/build/index.js:218:22)
      at Object.<anonymous> (src/api/projects/__tests__/service.test.ts:127:17)

  ÔùÅ ProjectService ÔÇ║ updateProject ÔÇ║ should update project fields

    error: invalid input syntax for type uuid: "proj-1"

    [0m [90m 260 |[39m       values[33m.[39mpush(workspaceId)[33m;[39m
     [90m 261 |[39m
    [31m[1m>[22m[39m[90m 262 |[39m       [36mconst[39m result 
[33m=[39m [36mawait[39m pool[33m.[39mquery(
     [90m     |[39m                      [31m[1m^[22m[39m
     [90m 263 |[39m         [32m`[39m
     [90m 264 |[39m [32m        UPDATE projects[39m
     [90m 265 |[39m [32m        SET ${updates.join(', ')}[39m[0m

      at node_modules/pg-pool/index.js:45:11
      at Function.updateProject (src/api/projects/service.ts:262:22)
      at Object.<anonymous> (src/api/projects/__tests__/service.test.ts:145:22)

  ÔùÅ ProjectService ÔÇ║ updateProject ÔÇ║ should throw ProjectNotFoundError 
when project does not exist

    expect(received).rejects.toThrow(expected)

    Expected constructor: ProjectNotFoundError
    Received constructor: DatabaseError

    Received message: "invalid input syntax for type uuid: \"proj-invalid\""

        [0m [90m 260 |[39m       
values[33m.[39mpush(workspaceId)[33m;[39m
         [90m 261 |[39m
        [31m[1m>[22m[39m[90m 262 |[39m       [36mconst[39m result 
[33m=[39m [36mawait[39m pool[33m.[39mquery(
         [90m     |[39m                      [31m[1m^[22m[39m
         [90m 263 |[39m         [32m`[39m
         [90m 264 |[39m [32m        UPDATE projects[39m
         [90m 265 |[39m [32m        SET ${updates.join(', ')}[39m[0m

      at node_modules/pg-pool/index.js:45:11
      at Function.updateProject (src/api/projects/service.ts:262:22)
      at Object.<anonymous> (src/api/projects/__tests__/service.test.ts:163:7)
      at Object.toThrow (node_modules/expect/build/index.js:218:22)
      at Object.<anonymous> (src/api/projects/__tests__/service.test.ts:165:17)

  ÔùÅ ProjectService ÔÇ║ deleteProject ÔÇ║ should soft delete project

    error: invalid input syntax for type uuid: "proj-1"

    [0m [90m 315 |[39m       logger[33m.[39minfo([32m'Deleting 
project'[39m[33m,[39m { projectId[33m,[39m workspaceId })[33m;[39m
     [90m 316 |[39m
    [31m[1m>[22m[39m[90m 317 |[39m       [36mconst[39m result 
[33m=[39m [36mawait[39m pool[33m.[39mquery(
     [90m     |[39m                      [31m[1m^[22m[39m
     [90m 318 |[39m         [32m`[39m
     [90m 319 |[39m [32m        UPDATE projects[39m
     [90m 320 |[39m [32m        SET deleted_at = NOW()[39m[0m

      at node_modules/pg-pool/index.js:45:11
      at Function.deleteProject (src/api/projects/service.ts:317:22)
      at Object.<anonymous> (src/api/projects/__tests__/service.test.ts:173:7)

  ÔùÅ ProjectService ÔÇ║ deleteProject ÔÇ║ should throw ProjectNotFoundError 
when project does not exist

    expect(received).rejects.toThrow(expected)

    Expected constructor: ProjectNotFoundError
    Received constructor: DatabaseError

    Received message: "invalid input syntax for type uuid: \"proj-invalid\""

        [0m [90m 315 |[39m       logger[33m.[39minfo([32m'Deleting 
project'[39m[33m,[39m { projectId[33m,[39m workspaceId })[33m;[39m
         [90m 316 |[39m
        [31m[1m>[22m[39m[90m 317 |[39m       [36mconst[39m result 
[33m=[39m [36mawait[39m pool[33m.[39mquery(
         [90m     |[39m                      [31m[1m^[22m[39m
         [90m 318 |[39m         [32m`[39m
         [90m 319 |[39m [32m        UPDATE projects[39m
         [90m 320 |[39m [32m        SET deleted_at = NOW()[39m[0m

      at node_modules/pg-pool/index.js:45:11
      at Function.deleteProject (src/api/projects/service.ts:317:22)
      at Object.<anonymous> (src/api/projects/__tests__/service.test.ts:184:7)
      at Object.toThrow (node_modules/expect/build/index.js:218:22)
      at Object.<anonymous> (src/api/projects/__tests__/service.test.ts:184:82)

  ÔùÅ ProjectService ÔÇ║ countProjects ÔÇ║ should return project count for 
workspace

    error: invalid input syntax for type uuid: "ws-1"

    [0m [90m 341 |[39m   [36mstatic[39m [36masync[39m 
countProjects(workspaceId[33m:[39m string)[33m:[39m 
[33mPromise[39m[33m<[39m[33mnumber[39m[33m>[39m {
     [90m 342 |[39m     [36mtry[39m {
    [31m[1m>[22m[39m[90m 343 |[39m       [36mconst[39m result 
[33m=[39m [36mawait[39m pool[33m.[39mquery(
     [90m     |[39m                      [31m[1m^[22m[39m
     [90m 344 |[39m         [32m`[39m
     [90m 345 |[39m [32m        SELECT COUNT(*) as count FROM projects [39m
     [90m 346 |[39m [32m        WHERE workspace_id = $1 AND deleted_at IS 
NULL[39m[0m

      at node_modules/pg-pool/index.js:45:11
      at Function.countProjects (src/api/projects/service.ts:343:22)
      at Object.<anonymous> (src/api/projects/__tests__/service.test.ts:194:22)

FAIL src/tests/gap-fixes.e2e.test.ts
  ­ƒöÉ User Invitation & Registration Flow
    ├ù 1.1 should create user invitation with valid data
    ├ù 1.2 should prevent duplicate invitation to same email
    ├ù 1.3 should list pending invitations
    ├ù 1.4 should accept invitation and create user account
    ├ù 1.5 should auto-create NotificationSettings for new user
    ├ù 1.6 should allow new user to login
    ├ù 1.7 should prevent reusing invitation token
    ├ù 1.8 should allow admin to cancel pending invitation
  ­ƒöæ Password Reset Flow
    ├ù 2.1 should request password reset and generate token (5 ms)
    ├ù 2.2 should create reset token in database (3 ms)
    ├ù 2.3 should reset password with valid token (3 ms)
    ├ù 2.4 should mark token as used (3 ms)
    ├ù 2.5 should allow login with new password (189 ms)
    ÔêÜ 2.6 should reject login with old password (197 ms)
    ├ù 2.7 should prevent reusing reset token (2 ms)
    ├ù 2.8 should return success even for non-existent email (security) (1 ms)
  ­ƒôè Analysis Types Auto-Seeding
    ├ù 3.1 should auto-seed analysis types on first GET request (3 ms)
    ├ù 3.2 should create custom analysis type (admin only) (3 ms)
    ├ù 3.3 should prevent non-admin from creating analysis types (2 ms)
  ­ƒôü File Upload & Download Flow
    ├ù 4.1 should upload file with valid entity (3 ms)
    ├ù 4.2 should get file metadata (2 ms)
    ├ù 4.3 should download file with integrity check (2 ms)
    ├ù 4.4 should list files for entity (2 ms)
    ├ù 4.5 should update file metadata (1 ms)
    ├ù 4.6 should soft delete file (1 ms)
  ­ƒö¼ Analysis Requests Flow
    ├ù 5.1 should create analysis request to external lab
    ├ù 5.2 should list incoming requests
    ├ù 5.3 should list outgoing requests
    ├ù 5.4 should get request details
    ├ù 5.5 should accept request and assign to user
    ├ù 5.6 should update request status
    ├ù 5.7 should reject request
  ­ƒº╣ Cleanup & Database Verification
    ├ù 6.1 should verify all tables exist (2 ms)
    ├ù 6.2 should verify trigger exists (2 ms)
    ├ù 6.3 should verify indexes exist (2 ms)

  ÔùÅ ƒöÉ User Invitation & Registration Flow ÔÇ║ 1.1 should create user 
invitation with valid data

    TypeError: Cannot read properties of undefined (reading 'workspace_id')

    [0m [90m 52 |[39m     testContext[33m.[39madminToken [33m=[39m 
loginData[33m.[39mtoken[33m;[39m
     [90m 53 |[39m     testContext[33m.[39madminUser [33m=[39m 
loginData[33m.[39muser[33m;[39m
    [31m[1m>[22m[39m[90m 54 |[39m     testContext[33m.[39mworkspaceId 
[33m=[39m loginData[33m.[39muser[33m.[39mworkspace_id[33m;[39m
     [90m    |[39m                                              
[31m[1m^[22m[39m
     [90m 55 |[39m   })[33m;[39m
     [90m 56 |[39m
     [90m 57 |[39m   it([32m'1.1 should create user invitation with valid 
data'[39m[33m,[39m [36masync[39m () [33m=>[39m {[0m

      at Object.<anonymous> (src/tests/gap-fixes.e2e.test.ts:54:46)

  ÔùÅ ƒöÉ User Invitation & Registration Flow ÔÇ║ 1.2 should prevent duplicate 
invitation to same email

    TypeError: Cannot read properties of undefined (reading 'workspace_id')

    [0m [90m 52 |[39m     testContext[33m.[39madminToken [33m=[39m 
loginData[33m.[39mtoken[33m;[39m
     [90m 53 |[39m     testContext[33m.[39madminUser [33m=[39m 
loginData[33m.[39muser[33m;[39m
    [31m[1m>[22m[39m[90m 54 |[39m     testContext[33m.[39mworkspaceId 
[33m=[39m loginData[33m.[39muser[33m.[39mworkspace_id[33m;[39m
     [90m    |[39m                                              
[31m[1m^[22m[39m
     [90m 55 |[39m   })[33m;[39m
     [90m 56 |[39m
     [90m 57 |[39m   it([32m'1.1 should create user invitation with valid 
data'[39m[33m,[39m [36masync[39m () [33m=>[39m {[0m

      at Object.<anonymous> (src/tests/gap-fixes.e2e.test.ts:54:46)

  ÔùÅ ƒöÉ User Invitation & Registration Flow ÔÇ║ 1.3 should list pending 
invitations

    TypeError: Cannot read properties of undefined (reading 'workspace_id')

    [0m [90m 52 |[39m     testContext[33m.[39madminToken [33m=[39m 
loginData[33m.[39mtoken[33m;[39m
     [90m 53 |[39m     testContext[33m.[39madminUser [33m=[39m 
loginData[33m.[39muser[33m;[39m
    [31m[1m>[22m[39m[90m 54 |[39m     testContext[33m.[39mworkspaceId 
[33m=[39m loginData[33m.[39muser[33m.[39mworkspace_id[33m;[39m
     [90m    |[39m                                              
[31m[1m^[22m[39m
     [90m 55 |[39m   })[33m;[39m
     [90m 56 |[39m
     [90m 57 |[39m   it([32m'1.1 should create user invitation with valid 
data'[39m[33m,[39m [36masync[39m () [33m=>[39m {[0m

      at Object.<anonymous> (src/tests/gap-fixes.e2e.test.ts:54:46)

  ÔùÅ ƒöÉ User Invitation & Registration Flow ÔÇ║ 1.4 should accept invitation 
and create user account

    TypeError: Cannot read properties of undefined (reading 'workspace_id')

    [0m [90m 52 |[39m     testContext[33m.[39madminToken [33m=[39m 
loginData[33m.[39mtoken[33m;[39m
     [90m 53 |[39m     testContext[33m.[39madminUser [33m=[39m 
loginData[33m.[39muser[33m;[39m
    [31m[1m>[22m[39m[90m 54 |[39m     testContext[33m.[39mworkspaceId 
[33m=[39m loginData[33m.[39muser[33m.[39mworkspace_id[33m;[39m
     [90m    |[39m                                              
[31m[1m^[22m[39m
     [90m 55 |[39m   })[33m;[39m
     [90m 56 |[39m
     [90m 57 |[39m   it([32m'1.1 should create user invitation with valid 
data'[39m[33m,[39m [36masync[39m () [33m=>[39m {[0m

      at Object.<anonymous> (src/tests/gap-fixes.e2e.test.ts:54:46)

  ÔùÅ ƒöÉ User Invitation & Registration Flow ÔÇ║ 1.5 should auto-create 
NotificationSettings for new user

    TypeError: Cannot read properties of undefined (reading 'workspace_id')

    [0m [90m 52 |[39m     testContext[33m.[39madminToken [33m=[39m 
loginData[33m.[39mtoken[33m;[39m
     [90m 53 |[39m     testContext[33m.[39madminUser [33m=[39m 
loginData[33m.[39muser[33m;[39m
    [31m[1m>[22m[39m[90m 54 |[39m     testContext[33m.[39mworkspaceId 
[33m=[39m loginData[33m.[39muser[33m.[39mworkspace_id[33m;[39m
     [90m    |[39m                                              
[31m[1m^[22m[39m
     [90m 55 |[39m   })[33m;[39m
     [90m 56 |[39m
     [90m 57 |[39m   it([32m'1.1 should create user invitation with valid 
data'[39m[33m,[39m [36masync[39m () [33m=>[39m {[0m

      at Object.<anonymous> (src/tests/gap-fixes.e2e.test.ts:54:46)

  ÔùÅ ƒöÉ User Invitation & Registration Flow ÔÇ║ 1.6 should allow new user to 
login

    TypeError: Cannot read properties of undefined (reading 'workspace_id')

    [0m [90m 52 |[39m     testContext[33m.[39madminToken [33m=[39m 
loginData[33m.[39mtoken[33m;[39m
     [90m 53 |[39m     testContext[33m.[39madminUser [33m=[39m 
loginData[33m.[39muser[33m;[39m
    [31m[1m>[22m[39m[90m 54 |[39m     testContext[33m.[39mworkspaceId 
[33m=[39m loginData[33m.[39muser[33m.[39mworkspace_id[33m;[39m
     [90m    |[39m                                              
[31m[1m^[22m[39m
     [90m 55 |[39m   })[33m;[39m
     [90m 56 |[39m
     [90m 57 |[39m   it([32m'1.1 should create user invitation with valid 
data'[39m[33m,[39m [36masync[39m () [33m=>[39m {[0m

      at Object.<anonymous> (src/tests/gap-fixes.e2e.test.ts:54:46)

  ÔùÅ ƒöÉ User Invitation & Registration Flow ÔÇ║ 1.7 should prevent reusing 
invitation token

    TypeError: Cannot read properties of undefined (reading 'workspace_id')

    [0m [90m 52 |[39m     testContext[33m.[39madminToken [33m=[39m 
loginData[33m.[39mtoken[33m;[39m
     [90m 53 |[39m     testContext[33m.[39madminUser [33m=[39m 
loginData[33m.[39muser[33m;[39m
    [31m[1m>[22m[39m[90m 54 |[39m     testContext[33m.[39mworkspaceId 
[33m=[39m loginData[33m.[39muser[33m.[39mworkspace_id[33m;[39m
     [90m    |[39m                                              
[31m[1m^[22m[39m
     [90m 55 |[39m   })[33m;[39m
     [90m 56 |[39m
     [90m 57 |[39m   it([32m'1.1 should create user invitation with valid 
data'[39m[33m,[39m [36masync[39m () [33m=>[39m {[0m

      at Object.<anonymous> (src/tests/gap-fixes.e2e.test.ts:54:46)

  ÔùÅ ƒöÉ User Invitation & Registration Flow ÔÇ║ 1.8 should allow admin to 
cancel pending invitation

    TypeError: Cannot read properties of undefined (reading 'workspace_id')

    [0m [90m 52 |[39m     testContext[33m.[39madminToken [33m=[39m 
loginData[33m.[39mtoken[33m;[39m
     [90m 53 |[39m     testContext[33m.[39madminUser [33m=[39m 
loginData[33m.[39muser[33m;[39m
    [31m[1m>[22m[39m[90m 54 |[39m     testContext[33m.[39mworkspaceId 
[33m=[39m loginData[33m.[39muser[33m.[39mworkspace_id[33m;[39m
     [90m    |[39m                                              
[31m[1m^[22m[39m
     [90m 55 |[39m   })[33m;[39m
     [90m 56 |[39m
     [90m 57 |[39m   it([32m'1.1 should create user invitation with valid 
data'[39m[33m,[39m [36masync[39m () [33m=>[39m {[0m

      at Object.<anonymous> (src/tests/gap-fixes.e2e.test.ts:54:46)

  ÔùÅ ƒöæ Password Reset Flow ÔÇ║ 2.1 should request password reset and 
generate token

    expect(received).toBe(expected) // Object.is equality

    Expected: 200
    Received: 404

    [0m [90m 225 |[39m     })[33m;[39m
     [90m 226 |[39m
    [31m[1m>[22m[39m[90m 227 |[39m     
expect(response[33m.[39mstatus)[33m.[39mtoBe([35m200[39m)[33m;[39m
     [90m     |[39m                             [31m[1m^[22m[39m
     [90m 228 |[39m     [36mconst[39m data [33m=[39m [36mawait[39m 
response[33m.[39mjson() [36mas[39m any[33m;[39m
     [90m 229 |[39m     
expect(data[33m.[39mmessage)[33m.[39mtoContain([32m'reset 
instructions'[39m)[33m;[39m
     [90m 230 |[39m   })[33m;[39m[0m

      at Object.<anonymous> (src/tests/gap-fixes.e2e.test.ts:227:29)

  ÔùÅ ­ƒöæ Password Reset Flow ÔÇ║ 2.2 should create reset token in database

    AggregateError:

    [0m [90m 231 |[39m
     [90m 232 |[39m   it([32m'2.2 should create reset token in 
database'[39m[33m,[39m [36masync[39m () [33m=>[39m {
    [31m[1m>[22m[39m[90m 233 |[39m     [36mconst[39m result 
[33m=[39m [36mawait[39m pool[33m.[39mquery(
     [90m     |[39m                    [31m[1m^[22m[39m
     [90m 234 |[39m       [32m`SELECT * FROM PasswordResetTokens [39m
     [90m 235 |[39m [32m       WHERE user_id = (SELECT id FROM Users WHERE 
email = 'newscientist@test.com')[39m
     [90m 236 |[39m [32m       ORDER BY created_at DESC LIMIT 1`[39m[0m

      at node_modules/pg-pool/index.js:45:11
      at Object.<anonymous> (src/tests/gap-fixes.e2e.test.ts:233:20)

  ÔùÅ ­ƒöæ Password Reset Flow ÔÇ║ 2.3 should reset password with valid token

    expect(received).toBe(expected) // Object.is equality

    Expected: 200
    Received: 404

    [0m [90m 254 |[39m     })[33m;[39m
     [90m 255 |[39m
    [31m[1m>[22m[39m[90m 256 |[39m     
expect(response[33m.[39mstatus)[33m.[39mtoBe([35m200[39m)[33m;[39m
     [90m     |[39m                             [31m[1m^[22m[39m
     [90m 257 |[39m     [36mconst[39m data [33m=[39m [36mawait[39m 
response[33m.[39mjson() [36mas[39m any[33m;[39m
     [90m 258 |[39m     
expect(data[33m.[39mmessage)[33m.[39mtoContain([32m'successfully 
reset'[39m)[33m;[39m
     [90m 259 |[39m   })[33m;[39m[0m

      at Object.<anonymous> (src/tests/gap-fixes.e2e.test.ts:256:29)

  ÔùÅ ­ƒöæ Password Reset Flow ÔÇ║ 2.4 should mark token as used

    AggregateError:

    [0m [90m 260 |[39m
     [90m 261 |[39m   it([32m'2.4 should mark token as 
used'[39m[33m,[39m [36masync[39m () [33m=>[39m {
    [31m[1m>[22m[39m[90m 262 |[39m     [36mconst[39m result 
[33m=[39m [36mawait[39m pool[33m.[39mquery(
     [90m     |[39m                    [31m[1m^[22m[39m
     [90m 263 |[39m       [32m'SELECT used_at FROM PasswordResetTokens 
WHERE token = $1'[39m[33m,[39m
     [90m 264 |[39m       [testContext[33m.[39mresetToken]
     [90m 265 |[39m     )[33m;[39m[0m

      at node_modules/pg-pool/index.js:45:11
      at Object.<anonymous> (src/tests/gap-fixes.e2e.test.ts:262:20)

  ÔùÅ ­ƒöæ Password Reset Flow ÔÇ║ 2.5 should allow login with new password

    expect(received).toBe(expected) // Object.is equality

    Expected: 200
    Received: 401

    [0m [90m 278 |[39m     })[33m;[39m
     [90m 279 |[39m
    [31m[1m>[22m[39m[90m 280 |[39m     
expect(response[33m.[39mstatus)[33m.[39mtoBe([35m200[39m)[33m;[39m
     [90m     |[39m                             [31m[1m^[22m[39m
     [90m 281 |[39m     [36mconst[39m data [33m=[39m [36mawait[39m 
response[33m.[39mjson() [36mas[39m any[33m;[39m
     [90m 282 |[39m     
expect(data[33m.[39mtoken)[33m.[39mtoBeDefined()[33m;[39m
     [90m 283 |[39m   })[33m;[39m[0m

      at Object.<anonymous> (src/tests/gap-fixes.e2e.test.ts:280:29)

  ÔùÅ ­ƒöæ Password Reset Flow ÔÇ║ 2.7 should prevent reusing reset token

    expect(received).toBe(expected) // Object.is equality

    Expected: 400
    Received: 404

    [0m [90m 306 |[39m     })[33m;[39m
     [90m 307 |[39m
    [31m[1m>[22m[39m[90m 308 |[39m     
expect(response[33m.[39mstatus)[33m.[39mtoBe([35m400[39m)[33m;[39m
     [90m     |[39m                             [31m[1m^[22m[39m
     [90m 309 |[39m     [36mconst[39m data [33m=[39m [36mawait[39m 
response[33m.[39mjson() [36mas[39m any[33m;[39m
     [90m 310 |[39m     
expect(data[33m.[39merror)[33m.[39mtoContain([32m'already been 
used'[39m)[33m;[39m
     [90m 311 |[39m   })[33m;[39m[0m

      at Object.<anonymous> (src/tests/gap-fixes.e2e.test.ts:308:29)

  ÔùÅ ƒöæ Password Reset Flow ÔÇ║ 2.8 should return success even for 
non-existent email (security)

    expect(received).toBe(expected) // Object.is equality

    Expected: 200
    Received: 404

    [0m [90m 320 |[39m     })[33m;[39m
     [90m 321 |[39m
    [31m[1m>[22m[39m[90m 322 |[39m     
expect(response[33m.[39mstatus)[33m.[39mtoBe([35m200[39m)[33m;[39m
     [90m     |[39m                             [31m[1m^[22m[39m
     [90m 323 |[39m     [36mconst[39m data [33m=[39m [36mawait[39m 
response[33m.[39mjson() [36mas[39m any[33m;[39m
     [90m 324 |[39m     
expect(data[33m.[39mmessage)[33m.[39mtoContain([32m'reset 
instructions'[39m)[33m;[39m
     [90m 325 |[39m   })[33m;[39m[0m

      at Object.<anonymous> (src/tests/gap-fixes.e2e.test.ts:322:29)

  ÔùÅ ƒôè Analysis Types Auto-Seeding ÔÇ║ 3.1 should auto-seed analysis types 
on first GET request

    expect(received).toBe(expected) // Object.is equality

    Expected: 200
    Received: 401

    [0m [90m 335 |[39m     })[33m;[39m
     [90m 336 |[39m
    [31m[1m>[22m[39m[90m 337 |[39m     
expect(response[33m.[39mstatus)[33m.[39mtoBe([35m200[39m)[33m;[39m
     [90m     |[39m                             [31m[1m^[22m[39m
     [90m 338 |[39m     [36mconst[39m data [33m=[39m [36mawait[39m 
response[33m.[39mjson() [36mas[39m any[33m;[39m
     [90m 339 |[39m     
     [90m 340 |[39m     expect([33mArray[39m[33m.[39misArray(data))[33m.
[39mtoBe([36mtrue[39m)[33m;[39m[0m

      at Object.<anonymous> (src/tests/gap-fixes.e2e.test.ts:337:29)

  ÔùÅ ƒôè Analysis Types Auto-Seeding ÔÇ║ 3.2 should create custom analysis 
type (admin only)

    expect(received).toBe(expected) // Object.is equality

    Expected: 201
    Received: 401

    [0m [90m 367 |[39m     })[33m;[39m
     [90m 368 |[39m
    [31m[1m>[22m[39m[90m 369 |[39m     
expect(response[33m.[39mstatus)[33m.[39mtoBe([35m201[39m)[33m;[39m
     [90m     |[39m                             [31m[1m^[22m[39m
     [90m 370 |[39m     [36mconst[39m data [33m=[39m [36mawait[39m 
response[33m.[39mjson() [36mas[39m any[33m;[39m
     [90m 371 |[39m     expect(data[33m.[39manalysis_type[33m.[39mname)[
33m.[39mtoBe([32m'Custom XRF Analysis'[39m)[33m;[39m
     [90m 372 |[39m   })[33m;[39m[0m

      at Object.<anonymous> (src/tests/gap-fixes.e2e.test.ts:369:29)

  ÔùÅ ƒôè Analysis Types Auto-Seeding ÔÇ║ 3.3 should prevent non-admin from 
creating analysis types

    expect(received).toBe(expected) // Object.is equality

    Expected: 403
    Received: 401

    [0m [90m 385 |[39m     })[33m;[39m
     [90m 386 |[39m
    [31m[1m>[22m[39m[90m 387 |[39m     
expect(response[33m.[39mstatus)[33m.[39mtoBe([35m403[39m)[33m;[39m
     [90m     |[39m                             [31m[1m^[22m[39m
     [90m 388 |[39m   })[33m;[39m
     [90m 389 |[39m })[33m;[39m
     [90m 390 |[39m[0m

      at Object.<anonymous> (src/tests/gap-fixes.e2e.test.ts:387:29)

  ÔùÅ ƒôü File Upload & Download Flow ÔÇ║ 4.1 should upload file with valid 
entity

    expect(received).toBe(expected) // Object.is equality

    Expected: 201
    Received: 401

    [0m [90m 438 |[39m     })[33m;[39m
     [90m 439 |[39m
    [31m[1m>[22m[39m[90m 440 |[39m     
expect(response[33m.[39mstatus)[33m.[39mtoBe([35m201[39m)[33m;[39m
     [90m     |[39m                             [31m[1m^[22m[39m
     [90m 441 |[39m     [36mconst[39m data [33m=[39m [36mawait[39m 
response[33m.[39mjson() [36mas[39m any[33m;[39m
     [90m 442 |[39m     
     [90m 443 |[39m     
expect(data[33m.[39mfile)[33m.[39mtoBeDefined()[33m;[39m[0m

      at Object.<anonymous> (src/tests/gap-fixes.e2e.test.ts:440:29)

  ÔùÅ ­ƒôü File Upload & Download Flow ÔÇ║ 4.2 should get file metadata

    expect(received).toBe(expected) // Object.is equality

    Expected: 200
    Received: 404

    [0m [90m 456 |[39m     })[33m;[39m
     [90m 457 |[39m
    [31m[1m>[22m[39m[90m 458 |[39m     
expect(response[33m.[39mstatus)[33m.[39mtoBe([35m200[39m)[33m;[39m
     [90m     |[39m                             [31m[1m^[22m[39m
     [90m 459 |[39m     [36mconst[39m data [33m=[39m [36mawait[39m 
response[33m.[39mjson() [36mas[39m any[33m;[39m
     [90m 460 |[39m     
     [90m 461 |[39m     expect(data[33m.[39mfile_name)[33m.[39mtoBe([32m
'test-upload.txt'[39m)[33m;[39m[0m

      at Object.<anonymous> (src/tests/gap-fixes.e2e.test.ts:458:29)

  ÔùÅ ƒôü File Upload & Download Flow ÔÇ║ 4.3 should download file with 
integrity check

    expect(received).toBe(expected) // Object.is equality

    Expected: 200
    Received: 401

    [0m [90m 470 |[39m     })[33m;[39m
     [90m 471 |[39m
    [31m[1m>[22m[39m[90m 472 |[39m     
expect(response[33m.[39mstatus)[33m.[39mtoBe([35m200[39m)[33m;[39m
     [90m     |[39m                             [31m[1m^[22m[39m
     [90m 473 |[39m     [36mconst[39m contentType [33m=[39m response[33m
.[39mheaders[33m.[39m[36mget[39m([32m'Content-Type'[39m)[33m;[39m
     [90m 474 |[39m     
expect(contentType)[33m.[39mtoBe([32m'text/plain'[39m)[33m;[39m
     [90m 475 |[39m   })[33m;[39m[0m

      at Object.<anonymous> (src/tests/gap-fixes.e2e.test.ts:472:29)

  ÔùÅ ­ƒôü File Upload & Download Flow ÔÇ║ 4.4 should list files for entity

    expect(received).toBe(expected) // Object.is equality

    Expected: 200
    Received: 401

    [0m [90m 482 |[39m     })[33m;[39m
     [90m 483 |[39m
    [31m[1m>[22m[39m[90m 484 |[39m     
expect(response[33m.[39mstatus)[33m.[39mtoBe([35m200[39m)[33m;[39m
     [90m     |[39m                             [31m[1m^[22m[39m
     [90m 485 |[39m     [36mconst[39m data [33m=[39m [36mawait[39m 
response[33m.[39mjson() [36mas[39m any[33m;[39m
     [90m 486 |[39m     
     [90m 487 |[39m     expect([33mArray[39m[33m.[39misArray(data))[33m.
[39mtoBe([36mtrue[39m)[33m;[39m[0m

      at Object.<anonymous> (src/tests/gap-fixes.e2e.test.ts:484:29)

  ÔùÅ ­ƒôü File Upload & Download Flow ÔÇ║ 4.5 should update file metadata

    expect(received).toBe(expected) // Object.is equality

    Expected: 200
    Received: 404

    [0m [90m 503 |[39m     })[33m;[39m
     [90m 504 |[39m
    [31m[1m>[22m[39m[90m 505 |[39m     
expect(response[33m.[39mstatus)[33m.[39mtoBe([35m200[39m)[33m;[39m
     [90m     |[39m                             [31m[1m^[22m[39m
     [90m 506 |[39m     [36mconst[39m data [33m=[39m [36mawait[39m 
response[33m.[39mjson() [36mas[39m any[33m;[39m
     [90m 507 |[39m     
expect(data[33m.[39mfile[33m.[39mdescription)[33m.[39mtoBe([32m'Updated 
description'[39m)[33m;[39m
     [90m 508 |[39m     expect(data[33m.[39mfile[33m.[39mis_public)[33m.
[39mtoBe([36mtrue[39m)[33m;[39m[0m

      at Object.<anonymous> (src/tests/gap-fixes.e2e.test.ts:505:29)

  ÔùÅ ­ƒôü File Upload & Download Flow ÔÇ║ 4.6 should soft delete file

    expect(received).toBe(expected) // Object.is equality

    Expected: 200
    Received: 404

    [0m [90m 517 |[39m     })[33m;[39m
     [90m 518 |[39m
    [31m[1m>[22m[39m[90m 519 |[39m     
expect(response[33m.[39mstatus)[33m.[39mtoBe([35m200[39m)[33m;[39m
     [90m     |[39m                             [31m[1m^[22m[39m
     [90m 520 |[39m     
     [90m 521 |[39m     [90m// Verify soft delete[39m
     [90m 522 |[39m     [36mconst[39m checkResponse [33m=[39m 
[36mawait[39m 
fetch([32m`${API_URL}/files/${testContext.fileId}`[39m[33m,[39m {[0m

      at Object.<anonymous> (src/tests/gap-fixes.e2e.test.ts:519:29)

  ÔùÅ ƒö¼ Analysis Requests Flow ÔÇ║ 5.1 should create analysis request to 
external lab

    AggregateError:

    [0m [90m 533 |[39m   beforeAll([36masync[39m () [33m=>[39m {
     [90m 534 |[39m     [90m// Get organization ID from Organizations 
table[39m
    [31m[1m>[22m[39m[90m 535 |[39m     [36mconst[39m orgResult 
[33m=[39m [36mawait[39m pool[33m.[39mquery(
     [90m     |[39m                       [31m[1m^[22m[39m
     [90m 536 |[39m       [32m`SELECT id FROM Organizations WHERE type = 
'laboratory' LIMIT 1`[39m
     [90m 537 |[39m     )[33m;[39m
     [90m 538 |[39m     [36mif[39m 
(orgResult[33m.[39mrows[33m.[39mlength [33m>[39m [35m0[39m) {[0m

      at node_modules/pg-pool/index.js:45:11
      at Object.<anonymous> (src/tests/gap-fixes.e2e.test.ts:535:23)

  ÔùÅ ­ƒö¼ Analysis Requests Flow ÔÇ║ 5.2 should list incoming requests

    AggregateError:

    [0m [90m 533 |[39m   beforeAll([36masync[39m () [33m=>[39m {
     [90m 534 |[39m     [90m// Get organization ID from Organizations 
table[39m
    [31m[1m>[22m[39m[90m 535 |[39m     [36mconst[39m orgResult 
[33m=[39m [36mawait[39m pool[33m.[39mquery(
     [90m     |[39m                       [31m[1m^[22m[39m
     [90m 536 |[39m       [32m`SELECT id FROM Organizations WHERE type = 
'laboratory' LIMIT 1`[39m
     [90m 537 |[39m     )[33m;[39m
     [90m 538 |[39m     [36mif[39m 
(orgResult[33m.[39mrows[33m.[39mlength [33m>[39m [35m0[39m) {[0m

      at node_modules/pg-pool/index.js:45:11
      at Object.<anonymous> (src/tests/gap-fixes.e2e.test.ts:535:23)

  ÔùÅ ­ƒö¼ Analysis Requests Flow ÔÇ║ 5.3 should list outgoing requests

    AggregateError:

    [0m [90m 533 |[39m   beforeAll([36masync[39m () [33m=>[39m {
     [90m 534 |[39m     [90m// Get organization ID from Organizations 
table[39m
    [31m[1m>[22m[39m[90m 535 |[39m     [36mconst[39m orgResult 
[33m=[39m [36mawait[39m pool[33m.[39mquery(
     [90m     |[39m                       [31m[1m^[22m[39m
     [90m 536 |[39m       [32m`SELECT id FROM Organizations WHERE type = 
'laboratory' LIMIT 1`[39m
     [90m 537 |[39m     )[33m;[39m
     [90m 538 |[39m     [36mif[39m 
(orgResult[33m.[39mrows[33m.[39mlength [33m>[39m [35m0[39m) {[0m

      at node_modules/pg-pool/index.js:45:11
      at Object.<anonymous> (src/tests/gap-fixes.e2e.test.ts:535:23)

  ÔùÅ ­ƒö¼ Analysis Requests Flow ÔÇ║ 5.4 should get request details

    AggregateError:

    [0m [90m 533 |[39m   beforeAll([36masync[39m () [33m=>[39m {
     [90m 534 |[39m     [90m// Get organization ID from Organizations 
table[39m
    [31m[1m>[22m[39m[90m 535 |[39m     [36mconst[39m orgResult 
[33m=[39m [36mawait[39m pool[33m.[39mquery(
     [90m     |[39m                       [31m[1m^[22m[39m
     [90m 536 |[39m       [32m`SELECT id FROM Organizations WHERE type = 
'laboratory' LIMIT 1`[39m
     [90m 537 |[39m     )[33m;[39m
     [90m 538 |[39m     [36mif[39m 
(orgResult[33m.[39mrows[33m.[39mlength [33m>[39m [35m0[39m) {[0m

      at node_modules/pg-pool/index.js:45:11
      at Object.<anonymous> (src/tests/gap-fixes.e2e.test.ts:535:23)

  ÔùÅ ƒö¼ Analysis Requests Flow ÔÇ║ 5.5 should accept request and assign to 
user

    AggregateError:

    [0m [90m 533 |[39m   beforeAll([36masync[39m () [33m=>[39m {
     [90m 534 |[39m     [90m// Get organization ID from Organizations 
table[39m
    [31m[1m>[22m[39m[90m 535 |[39m     [36mconst[39m orgResult 
[33m=[39m [36mawait[39m pool[33m.[39mquery(
     [90m     |[39m                       [31m[1m^[22m[39m
     [90m 536 |[39m       [32m`SELECT id FROM Organizations WHERE type = 
'laboratory' LIMIT 1`[39m
     [90m 537 |[39m     )[33m;[39m
     [90m 538 |[39m     [36mif[39m 
(orgResult[33m.[39mrows[33m.[39mlength [33m>[39m [35m0[39m) {[0m

      at node_modules/pg-pool/index.js:45:11
      at Object.<anonymous> (src/tests/gap-fixes.e2e.test.ts:535:23)

  ÔùÅ ­ƒö¼ Analysis Requests Flow ÔÇ║ 5.6 should update request status

    AggregateError:

    [0m [90m 533 |[39m   beforeAll([36masync[39m () [33m=>[39m {
     [90m 534 |[39m     [90m// Get organization ID from Organizations 
table[39m
    [31m[1m>[22m[39m[90m 535 |[39m     [36mconst[39m orgResult 
[33m=[39m [36mawait[39m pool[33m.[39mquery(
     [90m     |[39m                       [31m[1m^[22m[39m
     [90m 536 |[39m       [32m`SELECT id FROM Organizations WHERE type = 
'laboratory' LIMIT 1`[39m
     [90m 537 |[39m     )[33m;[39m
     [90m 538 |[39m     [36mif[39m 
(orgResult[33m.[39mrows[33m.[39mlength [33m>[39m [35m0[39m) {[0m

      at node_modules/pg-pool/index.js:45:11
      at Object.<anonymous> (src/tests/gap-fixes.e2e.test.ts:535:23)

  ÔùÅ ­ƒö¼ Analysis Requests Flow ÔÇ║ 5.7 should reject request

    AggregateError:

    [0m [90m 533 |[39m   beforeAll([36masync[39m () [33m=>[39m {
     [90m 534 |[39m     [90m// Get organization ID from Organizations 
table[39m
    [31m[1m>[22m[39m[90m 535 |[39m     [36mconst[39m orgResult 
[33m=[39m [36mawait[39m pool[33m.[39mquery(
     [90m     |[39m                       [31m[1m^[22m[39m
     [90m 536 |[39m       [32m`SELECT id FROM Organizations WHERE type = 
'laboratory' LIMIT 1`[39m
     [90m 537 |[39m     )[33m;[39m
     [90m 538 |[39m     [36mif[39m 
(orgResult[33m.[39mrows[33m.[39mlength [33m>[39m [35m0[39m) {[0m

      at node_modules/pg-pool/index.js:45:11
      at Object.<anonymous> (src/tests/gap-fixes.e2e.test.ts:535:23)

  ÔùÅ ƒº╣ Cleanup & Database Verification ÔÇ║ 6.1 should verify all tables 
exist

    AggregateError:

    [0m [90m 686 |[39m   
     [90m 687 |[39m   it([32m'6.1 should verify all tables 
exist'[39m[33m,[39m [36masync[39m () [33m=>[39m {
    [31m[1m>[22m[39m[90m 688 |[39m     [36mconst[39m result 
[33m=[39m [36mawait[39m pool[33m.[39mquery([32m`[39m
     [90m     |[39m                    [31m[1m^[22m[39m
     [90m 689 |[39m [32m      SELECT table_name FROM 
information_schema.tables [39m
     [90m 690 |[39m [32m      WHERE table_schema = 'public' [39m
     [90m 691 |[39m [32m      AND table_name IN ([39m[0m

      at node_modules/pg-pool/index.js:45:11
      at Object.<anonymous> (src/tests/gap-fixes.e2e.test.ts:688:20)

  ÔùÅ ­ƒº╣ Cleanup & Database Verification ÔÇ║ 6.2 should verify trigger exists

    AggregateError:

    [0m [90m 703 |[39m
     [90m 704 |[39m   it([32m'6.2 should verify trigger 
exists'[39m[33m,[39m [36masync[39m () [33m=>[39m {
    [31m[1m>[22m[39m[90m 705 |[39m     [36mconst[39m result 
[33m=[39m [36mawait[39m pool[33m.[39mquery([32m`[39m
     [90m     |[39m                    [31m[1m^[22m[39m
     [90m 706 |[39m [32m      SELECT * FROM pg_trigger [39m
     [90m 707 |[39m [32m      WHERE tgname = 
'trigger_create_notification_settings'[39m
     [90m 708 |[39m [32m    `[39m)[33m;[39m[0m

      at node_modules/pg-pool/index.js:45:11
      at Object.<anonymous> (src/tests/gap-fixes.e2e.test.ts:705:20)

  ÔùÅ ­ƒº╣ Cleanup & Database Verification ÔÇ║ 6.3 should verify indexes exist

    AggregateError:

    [0m [90m 712 |[39m
     [90m 713 |[39m   it([32m'6.3 should verify indexes 
exist'[39m[33m,[39m [36masync[39m () [33m=>[39m {
    [31m[1m>[22m[39m[90m 714 |[39m     [36mconst[39m result 
[33m=[39m [36mawait[39m pool[33m.[39mquery([32m`[39m
     [90m     |[39m                    [31m[1m^[22m[39m
     [90m 715 |[39m [32m      SELECT indexname FROM pg_indexes [39m
     [90m 716 |[39m [32m      WHERE tablename IN ('userinvitations', 
'passwordresettokens', 'filedocuments', 'analysisrequests')[39m
     [90m 717 |[39m [32m      AND indexname LIKE 'idx_%'[39m[0m

      at node_modules/pg-pool/index.js:45:11
      at Object.<anonymous> (src/tests/gap-fixes.e2e.test.ts:714:20)

FAIL src/tests/analysis-workflow.e2e.test.ts
  ÔùÅ Analysis Workflow E2E ÔÇ║ creates derived sample, batch, and analysis 
end-to-end

    AggregateError:

    [0m [90m 53 |[39m     [90m// Create a dedicated org for the test 
workspace.[39m
     [90m 54 |[39m     testState[33m.[39morgId [33m=[39m 
uuidv4()[33m;[39m
    [31m[1m>[22m[39m[90m 55 |[39m     [36mawait[39m 
pool[33m.[39mquery(
     [90m    |[39m     [31m[1m^[22m[39m
     [90m 56 |[39m       [32m`INSERT INTO Organizations (id, workspace_id, 
name, type)[39m
     [90m 57 |[39m [32m       VALUES ($1, $2, $3, $4::org_type)[39m
     [90m 58 |[39m [32m       ON CONFLICT DO NOTHING`[39m[33m,[39m[0m

      at node_modules/pg-pool/index.js:45:11
      at Object.<anonymous> (src/tests/analysis-workflow.e2e.test.ts:55:5)


  ÔùÅ Test suite failed to run

    AggregateError:

    [0m [90m 130 |[39m     }
     [90m 131 |[39m     [36mif[39m (testState[33m.[39morgId) {
    [31m[1m>[22m[39m[90m 132 |[39m       [36mawait[39m 
pool[33m.[39mquery([32m'DELETE FROM Organizations WHERE id = 
$1'[39m[33m,[39m [testState[33m.[39morgId])[33m;[39m
     [90m     |[39m       [31m[1m^[22m[39m
     [90m 133 |[39m     }
     [90m 134 |[39m
     [90m 135 |[39m     [36mawait[39m pool[33m.[39mend()[33m;[39m[0m

      at node_modules/pg-pool/index.js:45:11
      at Object.<anonymous> (src/tests/analysis-workflow.e2e.test.ts:132:7)

[2026-02-10 14:11:49] [32minfo[39m: [32mOrganization and admin user created successfully[39m {
  "organizationId": "workspace-123",
  "workspaceId": "workspace-123",
  "userId": "org-123",
  "email": "admin@acme.com"
}
[2026-02-10 14:11:49] [31merror[39m: [31mError creating organization with admin[39m {
  "error": "Database error",
  "email": "admin@acme.com"
}
[2026-02-10 14:11:49] [32minfo[39m: [32mUser logged in successfully[39m {
  "userId": "user-123",
  "email": "user@example.com"
}
[2026-02-10 14:11:49] [33mwarn[39m: [33mFailed login attempt - user not found[39m {
  "email": "user@example.com"
}
[2026-02-10 14:11:49] [33mwarn[39m: [33mFailed login attempt - invalid password[39m {
  "email": "user@example.com",
  "userId": "user-123"
}
FAIL src/services/__tests__/authService.test.ts
  AuthService
    createOrganizationWithAdmin
      ÔêÜ should create organization with admin user successfully (60 ms)
      ÔêÜ should throw error when required fields are missing (7 ms)
      ├ù should throw error when organization type is invalid (3 ms)
      ÔêÜ should throw conflict error when email already exists (2 ms)
      ÔêÜ should rollback on database error (2 ms)
    login
      ├ù should return token for valid credentials (102 ms)
      ÔêÜ should throw error for invalid email (1 ms)
      ÔêÜ should throw error for invalid password (107 ms)
      ÔêÜ should throw error when email is missing
      ÔêÜ should throw error when password is missing (1 ms)
    verifyToken
      ÔêÜ should verify valid token (1 ms)
      ÔêÜ should throw error for invalid token (1 ms)
      ÔêÜ should throw error for expired token (1 ms)
      ÔêÜ should throw error for token signed with wrong secret (2 ms)

  ÔùÅ AuthService ÔÇ║ createOrganizationWithAdmin ÔÇ║ should throw error when 
organization type is invalid

    expect(received).rejects.toThrow(expected)

    Expected substring: "Invalid organization type"
    Received message:   "Cannot read properties of undefined (reading 
'release')"

        [0m [90m 139 |[39m       [36mthrow[39m 
errors[33m.[39minternalServer([32m'Failed to create 
organization'[39m)[33m;[39m
         [90m 140 |[39m     } [36mfinally[39m {
        [31m[1m>[22m[39m[90m 141 |[39m       
client[33m.[39mrelease()[33m;[39m
         [90m     |[39m              [31m[1m^[22m[39m
         [90m 142 |[39m     }
         [90m 143 |[39m   }
         [90m 144 |[39m[0m

      at AuthService.createOrganizationWithAdmin 
(src/services/authService.ts:141:14)
      at Object.<anonymous> (src/services/__tests__/authService.test.ts:96:7)
      at Object.toThrow (node_modules/expect/build/index.js:218:22)
      at Object.<anonymous> (src/services/__tests__/authService.test.ts:98:17)

  ÔùÅ AuthService ÔÇ║ login ÔÇ║ should return token for valid credentials

    expect(received).toHaveProperty(path, value)

    Expected path: "userId"

    Expected value: "test-user-fixture-123"
    Received value: "user-123"

    [0m [90m 171 |[39m       [90m// Verify token is valid JWT (test token 
only)[39m
     [90m 172 |[39m       [36mconst[39m decoded [33m=[39m 
jwt[33m.[39mverify(result[33m.[39mtoken[33m,[39m 
process[33m.[39menv[33m.[39m[33mJWT_SECRET[39m [33m||[39m 
[32m'your-dev-secret-change-in-production'[39m)[33m;[39m
    [31m[1m>[22m[39m[90m 173 |[39m       
expect(decoded)[33m.[39mtoHaveProperty([32m'userId'[39m[33m,[39m 
[32m'test-user-fixture-123'[39m)[33m;[39m
     [90m     |[39m                       [31m[1m^[22m[39m
     [90m 174 |[39m     })[33m;[39m
     [90m 175 |[39m
     [90m 176 |[39m     it([32m'should throw error for invalid 
email'[39m[33m,[39m [36masync[39m () [33m=>[39m {[0m

      at Object.<anonymous> (src/services/__tests__/authService.test.ts:173:23)

  console.log
    
    ­ƒÜÇ Initializing test environment...

      at initializeTestEnv (src/api/integration/__tests__/_setup.ts:41:11)

  console.log
    ­ƒöº Environment Configuration Loaded

      at Object.<anonymous> (src/preload.ts:7:9)

  console.log
      NODE_ENV: test

      at Object.<anonymous> (src/preload.ts:8:9)

  console.log
      DATABASE_URL: SET

      at Object.<anonymous> (src/preload.ts:9:9)

  console.log
      PORT: 3001

      at Object.<anonymous> (src/preload.ts:10:9)

  console.log
    
    ­ƒôè PostgreSQL Connection Configuration:

      at Object.<anonymous> (src/db.ts:6:9)

  console.log
      URL: postgresql://postgres:gdJBJcoNQarrHQLXYtHlGtHVIdWL...

      at Object.<anonymous> (src/db.ts:7:9)

  console.log
    Ô£à Database pool connection established

      at BoundPool.<anonymous> (src/db.ts:29:11)

  console.log
    Ô£à Database tables already exist, skipping setup

      at initializeTestEnv (src/api/integration/__tests__/_setup.ts:57:13)

[2026-02-10 14:11:52] [32minfo[39m: [32m­ƒÜÇ Initializing MyLab Platform with modules:[39m {
  "modules": [
    "Authentication",
    "Projects",
    "Samples",
    "Analytics",
    "Compliance",
    "Company Management",
    "Integrations",
    "Marketplace",
    "Module Center",
    "Support"
  ]
}
  console.log
    [Token Cleanup] Scheduled cleanup job initialized (runs daily at 2 AM UTC)

      at initializeTokenCleanupJob (src/jobs/tokenCleanup.ts:133:11)

  console.log
    Ô£à Test environment ready

      at initializeTestEnv (src/api/integration/__tests__/_setup.ts:64:11)

[2026-02-10 14:11:53] [32minfo[39m: [32mUser login attempt[39m {
  "email": "platform-admin-samples-1770729110278@example.com"
}
[2026-02-10 14:11:53] [32minfo[39m: [32mUser login successful[39m {
  "userId": "b6079eb0-a906-4d51-b681-0b185d373f7f",
  "email": "platform-admin-samples-1770729110278@example.com"
}
[2026-02-10 14:11:53] [32minfo[39m: [32mUser logged in via API[39m {
  "email": "platform-admin-samples-1770729110278@example.com"
}
[2026-02-10 14:11:53] [35mhttp[39m: [35m::ffff:127.0.0.1 - - [10/Feb/2026:13:11:53 +0000] "POST /api/auth/login HTTP/1.1" 200 539 "-" "-"[39m 
[2026-02-10 14:11:53] [32minfo[39m: [32mRegistering org admin[39m {
  "email": "samples-test-1770729110278@example.com"
}
[2026-02-10 14:11:53] [32minfo[39m: [32mOrg admin registered successfully[39m {
  "userId": "e82c9923-c540-4e1e-9145-8acc4f3df3ae",
  "email": "samples-test-1770729110278@example.com"
}
[2026-02-10 14:11:53] [32minfo[39m: [32mOrg admin registered via API[39m {
  "email": "samples-test-1770729110278@example.com"
}
[2026-02-10 14:11:53] [35mhttp[39m: [35m::ffff:127.0.0.1 - - [10/Feb/2026:13:11:53 +0000] "POST /api/auth/register HTTP/1.1" 201 158 "-" "-"[39m 
[2026-02-10 14:11:53] [32minfo[39m: [32mUser login attempt[39m {
  "email": "samples-test-1770729110278@example.com"
}
[2026-02-10 14:11:54] [32minfo[39m: [32mUser login successful[39m {
  "userId": "e82c9923-c540-4e1e-9145-8acc4f3df3ae",
  "email": "samples-test-1770729110278@example.com"
}
[2026-02-10 14:11:54] [32minfo[39m: [32mUser logged in via API[39m {
  "email": "samples-test-1770729110278@example.com"
}
[2026-02-10 14:11:54] [35mhttp[39m: [35m::ffff:127.0.0.1 - - [10/Feb/2026:13:11:54 +0000] "POST /api/auth/login HTTP/1.1" 200 572 "-" "-"[39m 
[2026-02-10 14:11:54] [32minfo[39m: [32mPlatform admin access granted[39m {
  "userId": "b6079eb0-a906-4d51-b681-0b185d373f7f",
  "path": "/"
}
[2026-02-10 14:11:54] [32minfo[39m: [32mCreating organization[39m {
  "userOrgId": null,
  "userId": "b6079eb0-a906-4d51-b681-0b185d373f7f",
  "name": "Samples Client"
}
[2026-02-10 14:11:54] [35mhttp[39m: [35m::ffff:127.0.0.1 - - [10/Feb/2026:13:11:54 +0000] "POST /api/organizations HTTP/1.1" 201 204 "-" "-"[39m 
  console.log
    Ô£à Database pool connection established

      at BoundPool.<anonymous> (src/db.ts:29:11)

[2026-02-10 14:11:56] [32minfo[39m: [32mPlatform admin access granted[39m {
  "userId": "b6079eb0-a906-4d51-b681-0b185d373f7f",
  "path": "/"
}
[2026-02-10 14:11:56] [32minfo[39m: [32mCreating organization[39m {
  "userOrgId": null,
  "userId": "b6079eb0-a906-4d51-b681-0b185d373f7f",
  "name": "Samples Lab"
}
[2026-02-10 14:11:56] [35mhttp[39m: [35m::ffff:127.0.0.1 - - [10/Feb/2026:13:11:56 +0000] "POST /api/organizations HTTP/1.1" 201 205 "-" "-"[39m 
[2026-02-10 14:11:57] [32minfo[39m: [32mCreating project[39m {
  "workspaceId": "f08ccac1-e106-4183-853a-c027046c24dd",
  "userId": "e82c9923-c540-4e1e-9145-8acc4f3df3ae",
  "data": {
    "name": "Samples Test Project",
    "description": "For sample testing",
    "clientOrgId": "a30b5211-b2e3-4e09-8c8d-591bd8fb277b",
    "executingOrgId": "c365b81a-01cd-4c27-84ca-e4d1557da33d",
    "workflowMode": "trial_first"
  }
}
[2026-02-10 14:11:58] [32minfo[39m: [32mProject created successfully[39m {
  "projectId": "4ab7089f-ffee-40e5-821d-0ec17e03cee8",
  "userId": "e82c9923-c540-4e1e-9145-8acc4f3df3ae"
}
[2026-02-10 14:11:58] [32minfo[39m: [32mProject created via API[39m {
  "projectId": "4ab7089f-ffee-40e5-821d-0ec17e03cee8",
  "userId": "e82c9923-c540-4e1e-9145-8acc4f3df3ae"
}
[2026-02-10 14:11:58] [35mhttp[39m: [35m::ffff:127.0.0.1 - - [10/Feb/2026:13:11:58 +0000] "POST /api/projects HTTP/1.1" 201 605 "-" "-"[39m 
[2026-02-10 14:11:59] [32minfo[39m: [32mTrial created via API[39m {
  "trialId": "6327c920-bfbe-43b1-857f-fbac029fa48f",
  "userId": "e82c9923-c540-4e1e-9145-8acc4f3df3ae"
}
[2026-02-10 14:11:59] [35mhttp[39m: [35m::ffff:127.0.0.1 - - [10/Feb/2026:13:11:59 +0000] "POST /api/projects/4ab7089f-ffee-40e5-821d-0ec17e03cee8/trials HTTP/1.1" 201 529 "-" "-"[39m 
[2026-02-10 14:11:59] [32minfo[39m: [32mCreating sample[39m {
  "workspaceId": "f08ccac1-e106-4183-853a-c027046c24dd",
  "userId": "e82c9923-c540-4e1e-9145-8acc4f3df3ae",
  "projectId": "4ab7089f-ffee-40e5-821d-0ec17e03cee8"
}
[2026-02-10 14:11:59] [32minfo[39m: [32mSample created successfully[39m {
  "sampleId": "ab5ab8af-6e7f-4b1d-b1e5-1cc11d20d2e2",
  "userId": "e82c9923-c540-4e1e-9145-8acc4f3df3ae"
}
[2026-02-10 14:11:59] [32minfo[39m: [32mSample created via API[39m {
  "sampleId": "ab5ab8af-6e7f-4b1d-b1e5-1cc11d20d2e2",
  "userId": "e82c9923-c540-4e1e-9145-8acc4f3df3ae"
}
[2026-02-10 14:11:59] [35mhttp[39m: [35m::ffff:127.0.0.1 - - [10/Feb/2026:13:11:59 +0000] "POST /api/samples HTTP/1.1" 201 570 "-" "-"[39m 
[2026-02-10 14:12:00] [32minfo[39m: [32mCreating sample[39m {
  "workspaceId": "f08ccac1-e106-4183-853a-c027046c24dd",
  "userId": "e82c9923-c540-4e1e-9145-8acc4f3df3ae",
  "projectId": "4ab7089f-ffee-40e5-821d-0ec17e03cee8"
}
[2026-02-10 14:12:00] [32minfo[39m: [32mSample created successfully[39m {
  "sampleId": "0d640a21-4ca2-418d-9cf6-83c103fc56a5",
  "userId": "e82c9923-c540-4e1e-9145-8acc4f3df3ae"
}
[2026-02-10 14:12:00] [32minfo[39m: [32mSample created via API[39m {
  "sampleId": "0d640a21-4ca2-418d-9cf6-83c103fc56a5",
  "userId": "e82c9923-c540-4e1e-9145-8acc4f3df3ae"
}
[2026-02-10 14:12:00] [35mhttp[39m: [35m::ffff:127.0.0.1 - - [10/Feb/2026:13:12:00 +0000] "POST /api/samples HTTP/1.1" 201 607 "-" "-"[39m 
[2026-02-10 14:12:01] [32minfo[39m: [32mCreating sample[39m {
  "workspaceId": "f08ccac1-e106-4183-853a-c027046c24dd",
  "userId": "e82c9923-c540-4e1e-9145-8acc4f3df3ae",
  "projectId": "4ab7089f-ffee-40e5-821d-0ec17e03cee8"
}
[2026-02-10 14:12:02] [32minfo[39m: [32mSample created successfully[39m {
  "sampleId": "903b0fff-80a3-4e8d-b78f-34e13b5f5c44",
  "userId": "e82c9923-c540-4e1e-9145-8acc4f3df3ae"
}
[2026-02-10 14:12:02] [32minfo[39m: [32mSample created via API[39m {
  "sampleId": "903b0fff-80a3-4e8d-b78f-34e13b5f5c44",
  "userId": "e82c9923-c540-4e1e-9145-8acc4f3df3ae"
}
[2026-02-10 14:12:02] [35mhttp[39m: [35m::ffff:127.0.0.1 - - [10/Feb/2026:13:12:02 +0000] "POST /api/samples HTTP/1.1" 201 542 "-" "-"[39m 
[2026-02-10 14:12:02] [35mhttp[39m: [35m::ffff:127.0.0.1 - - [10/Feb/2026:13:12:02 +0000] "POST /api/samples HTTP/1.1" 401 51 "-" "-"[39m 
[2026-02-10 14:12:02] [32minfo[39m: [32mCreating sample[39m {
  "workspaceId": "f08ccac1-e106-4183-853a-c027046c24dd",
  "userId": "e82c9923-c540-4e1e-9145-8acc4f3df3ae",
  "projectId": "4ab7089f-ffee-40e5-821d-0ec17e03cee8"
}
[2026-02-10 14:12:02] [32minfo[39m: [32mSample created successfully[39m {
  "sampleId": "40bad109-d07a-4ba1-9da2-8d6f4f562f34",
  "userId": "e82c9923-c540-4e1e-9145-8acc4f3df3ae"
}
[2026-02-10 14:12:02] [32minfo[39m: [32mSample created via API[39m {
  "sampleId": "40bad109-d07a-4ba1-9da2-8d6f4f562f34",
  "userId": "e82c9923-c540-4e1e-9145-8acc4f3df3ae"
}
[2026-02-10 14:12:02] [35mhttp[39m: [35m::ffff:127.0.0.1 - - [10/Feb/2026:13:12:02 +0000] "POST /api/samples HTTP/1.1" 201 572 "-" "-"[39m 
[2026-02-10 14:12:03] [32minfo[39m: [32mCreating sample[39m {
  "workspaceId": "f08ccac1-e106-4183-853a-c027046c24dd",
  "userId": "e82c9923-c540-4e1e-9145-8acc4f3df3ae",
  "projectId": "4ab7089f-ffee-40e5-821d-0ec17e03cee8"
}
[2026-02-10 14:12:03] [32minfo[39m: [32mSample created successfully[39m {
  "sampleId": "c951d6aa-b652-4f78-82fd-956acf166ce0",
  "userId": "e82c9923-c540-4e1e-9145-8acc4f3df3ae"
}
[2026-02-10 14:12:03] [32minfo[39m: [32mSample created via API[39m {
  "sampleId": "c951d6aa-b652-4f78-82fd-956acf166ce0",
  "userId": "e82c9923-c540-4e1e-9145-8acc4f3df3ae"
}
[2026-02-10 14:12:03] [35mhttp[39m: [35m::ffff:127.0.0.1 - - [10/Feb/2026:13:12:03 +0000] "POST /api/samples HTTP/1.1" 201 572 "-" "-"[39m 
  console.warn
    Failed to cleanup users: error: update or delete on table "users" violates foreign key constraint "projects_created_by_fkey" on table "projects"
        at C:\Users\r.kowdampalli\Documents\MyProjects\mylab-platform\backend\node_modules\pg-pool\index.js:45:11
        at processTicksAndRejections (node:internal/process/task_queues:105:5)
        at cleanupRecords (C:\Users\r.kowdampalli\Documents\MyProjects\mylab-platform\backend\src\api\integration\__tests__\_setup.ts:123:7)
        at Object.<anonymous> (C:\Users\r.kowdampalli\Documents\MyProjects\mylab-platform\backend\src\api\integration\__tests__\05-samples.test.ts:103:5) {
      length: 317,
      severity: 'ERROR',
      code: '23503',
      detail: 'Key (id)=(e82c9923-c540-4e1e-9145-8acc4f3df3ae) is still referenced from table "projects".',
      hint: undefined,
      position: undefined,
      internalPosition: undefined,
      internalQuery: undefined,
      where: undefined,
      schema: 'public',
      table: 'projects',
      column: undefined,
      dataType: undefined,
      constraint: 'projects_created_by_fkey',
      file: 'ri_triggers.c',
      line: '2612',
      routine: 'ri_ReportViolation'
    }

    [0m [90m 123 |[39m       [36mawait[39m pool[33m.[39mquery([32m`DELETE FROM ${table} WHERE ${conditions}`[39m[33m,[39m values)
     [90m 124 |[39m     } [36mcatch[39m (err) {
    [31m[1m>[22m[39m[90m 125 |[39m       console[33m.[39mwarn([32m`Failed to cleanup ${table}:`[39m[33m,[39m err)
     [90m     |[39m               [31m[1m^[22m[39m
     [90m 126 |[39m     }
     [90m 127 |[39m   }
     [90m 128 |[39m }[0m

      at cleanupRecords (src/api/integration/__tests__/_setup.ts:125:15)
      at Object.<anonymous> (src/api/integration/__tests__/05-samples.test.ts:103:5)

  console.warn
    Failed to cleanup users: error: update or delete on table "users" violates foreign key constraint "auditlog_actor_id_fkey" on table "auditlog"
        at C:\Users\r.kowdampalli\Documents\MyProjects\mylab-platform\backend\node_modules\pg-pool\index.js:45:11
        at processTicksAndRejections (node:internal/process/task_queues:105:5)
        at cleanupRecords (C:\Users\r.kowdampalli\Documents\MyProjects\mylab-platform\backend\src\api\integration\__tests__\_setup.ts:123:7)
        at Object.<anonymous> (C:\Users\r.kowdampalli\Documents\MyProjects\mylab-platform\backend\src\api\integration\__tests__\05-samples.test.ts:103:5) {
      length: 313,
      severity: 'ERROR',
      code: '23503',
      detail: 'Key (id)=(b6079eb0-a906-4d51-b681-0b185d373f7f) is still referenced from table "auditlog".',
      hint: undefined,
      position: undefined,
      internalPosition: undefined,
      internalQuery: undefined,
      where: undefined,
      schema: 'public',
      table: 'auditlog',
      column: undefined,
      dataType: undefined,
      constraint: 'auditlog_actor_id_fkey',
      file: 'ri_triggers.c',
      line: '2612',
      routine: 'ri_ReportViolation'
    }

    [0m [90m 123 |[39m       [36mawait[39m pool[33m.[39mquery([32m`DELETE FROM ${table} WHERE ${conditions}`[39m[33m,[39m values)
     [90m 124 |[39m     } [36mcatch[39m (err) {
    [31m[1m>[22m[39m[90m 125 |[39m       console[33m.[39mwarn([32m`Failed to cleanup ${table}:`[39m[33m,[39m err)
     [90m     |[39m               [31m[1m^[22m[39m
     [90m 126 |[39m     }
     [90m 127 |[39m   }
     [90m 128 |[39m }[0m

      at cleanupRecords (src/api/integration/__tests__/_setup.ts:125:15)
      at Object.<anonymous> (src/api/integration/__tests__/05-samples.test.ts:103:5)

  console.log
    Ô£à Database pool connection established

      at BoundPool.<anonymous> (src/db.ts:29:11)

  console.warn
    Failed to cleanup organizations: error: update or delete on table "organizations" violates foreign key constraint "auditlog_actor_org_id_fkey" on table "auditlog"
        at C:\Users\r.kowdampalli\Documents\MyProjects\mylab-platform\backend\node_modules\pg-pool\index.js:45:11
        at processTicksAndRejections (node:internal/process/task_queues:105:5)
        at cleanupRecords (C:\Users\r.kowdampalli\Documents\MyProjects\mylab-platform\backend\src\api\integration\__tests__\_setup.ts:123:7)
        at Object.<anonymous> (C:\Users\r.kowdampalli\Documents\MyProjects\mylab-platform\backend\src\api\integration\__tests__\05-samples.test.ts:103:5) {
      length: 329,
      severity: 'ERROR',
      code: '23503',
      detail: 'Key (id)=(989ec1b4-2ea7-4a81-b7eb-5180ca6e6794) is still referenced from table "auditlog".',
      hint: undefined,
      position: undefined,
      internalPosition: undefined,
      internalQuery: undefined,
      where: undefined,
      schema: 'public',
      table: 'auditlog',
      column: undefined,
      dataType: undefined,
      constraint: 'auditlog_actor_org_id_fkey',
      file: 'ri_triggers.c',
      line: '2612',
      routine: 'ri_ReportViolation'
    }

    [0m [90m 123 |[39m       [36mawait[39m pool[33m.[39mquery([32m`DELETE FROM ${table} WHERE ${conditions}`[39m[33m,[39m values)
     [90m 124 |[39m     } [36mcatch[39m (err) {
    [31m[1m>[22m[39m[90m 125 |[39m       console[33m.[39mwarn([32m`Failed to cleanup ${table}:`[39m[33m,[39m err)
     [90m     |[39m               [31m[1m^[22m[39m
     [90m 126 |[39m     }
     [90m 127 |[39m   }
     [90m 128 |[39m }[0m

      at cleanupRecords (src/api/integration/__tests__/_setup.ts:125:15)
      at Object.<anonymous> (src/api/integration/__tests__/05-samples.test.ts:103:5)

  console.log
    Ô£à Database pool connection established

      at BoundPool.<anonymous> (src/db.ts:29:11)

  console.warn
    Failed to cleanup organizations: error: update or delete on table "organizations" violates foreign key constraint "projects_client_org_id_fkey" on table "projects"
        at C:\Users\r.kowdampalli\Documents\MyProjects\mylab-platform\backend\node_modules\pg-pool\index.js:45:11
        at processTicksAndRejections (node:internal/process/task_queues:105:5)
        at cleanupRecords (C:\Users\r.kowdampalli\Documents\MyProjects\mylab-platform\backend\src\api\integration\__tests__\_setup.ts:123:7)
        at Object.<anonymous> (C:\Users\r.kowdampalli\Documents\MyProjects\mylab-platform\backend\src\api\integration\__tests__\05-samples.test.ts:103:5) {
      length: 331,
      severity: 'ERROR',
      code: '23503',
      detail: 'Key (id)=(eba3e8e9-f446-40e7-844a-bd1ccc7bc284) is still referenced from table "projects".',
      hint: undefined,
      position: undefined,
      internalPosition: undefined,
      internalQuery: undefined,
      where: undefined,
      schema: 'public',
      table: 'projects',
      column: undefined,
      dataType: undefined,
      constraint: 'projects_client_org_id_fkey',
      file: 'ri_triggers.c',
      line: '2612',
      routine: 'ri_ReportViolation'
    }

    [0m [90m 123 |[39m       [36mawait[39m pool[33m.[39mquery([32m`DELETE FROM ${table} WHERE ${conditions}`[39m[33m,[39m values)
     [90m 124 |[39m     } [36mcatch[39m (err) {
    [31m[1m>[22m[39m[90m 125 |[39m       console[33m.[39mwarn([32m`Failed to cleanup ${table}:`[39m[33m,[39m err)
     [90m     |[39m               [31m[1m^[22m[39m
     [90m 126 |[39m     }
     [90m 127 |[39m   }
     [90m 128 |[39m }[0m

      at cleanupRecords (src/api/integration/__tests__/_setup.ts:125:15)
      at Object.<anonymous> (src/api/integration/__tests__/05-samples.test.ts:103:5)

  console.log
    Ô£à Database pool connection established

      at BoundPool.<anonymous> (src/db.ts:29:11)

  console.warn
    Failed to cleanup organizations: error: update or delete on table "organizations" violates foreign key constraint "projects_executing_org_id_fkey" on table "projects"
        at C:\Users\r.kowdampalli\Documents\MyProjects\mylab-platform\backend\node_modules\pg-pool\index.js:45:11
        at processTicksAndRejections (node:internal/process/task_queues:105:5)
        at cleanupRecords (C:\Users\r.kowdampalli\Documents\MyProjects\mylab-platform\backend\src\api\integration\__tests__\_setup.ts:123:7)
        at Object.<anonymous> (C:\Users\r.kowdampalli\Documents\MyProjects\mylab-platform\backend\src\api\integration\__tests__\05-samples.test.ts:103:5) {
      length: 337,
      severity: 'ERROR',
      code: '23503',
      detail: 'Key (id)=(2dc51ffa-51e4-4280-8a42-eefb4e85dc5f) is still referenced from table "projects".',
      hint: undefined,
      position: undefined,
      internalPosition: undefined,
      internalQuery: undefined,
      where: undefined,
      schema: 'public',
      table: 'projects',
      column: undefined,
      dataType: undefined,
      constraint: 'projects_executing_org_id_fkey',
      file: 'ri_triggers.c',
      line: '2612',
      routine: 'ri_ReportViolation'
    }

    [0m [90m 123 |[39m       [36mawait[39m pool[33m.[39mquery([32m`DELETE FROM ${table} WHERE ${conditions}`[39m[33m,[39m values)
     [90m 124 |[39m     } [36mcatch[39m (err) {
    [31m[1m>[22m[39m[90m 125 |[39m       console[33m.[39mwarn([32m`Failed to cleanup ${table}:`[39m[33m,[39m err)
     [90m     |[39m               [31m[1m^[22m[39m
     [90m 126 |[39m     }
     [90m 127 |[39m   }
     [90m 128 |[39m }[0m

      at cleanupRecords (src/api/integration/__tests__/_setup.ts:125:15)
      at Object.<anonymous> (src/api/integration/__tests__/05-samples.test.ts:103:5)

PASS src/api/integration/__tests__/05-samples.test.ts (19.285 s)
  Samples API
    ÔêÜ should create a sample with projectId and trialId (1050 ms)
    ÔêÜ should create sample with metadata (1019 ms)
    ÔêÜ should create sample without trialId (994 ms)
    ÔêÜ should require authorization (5 ms)
    ÔêÜ should allow multiple samples per trial (1957 ms)

  console.log
    
    ­ƒÜÇ Initializing test environment...

      at initializeTestEnv (src/api/integration/__tests__/_setup.ts:41:11)

  console.log
    ­ƒöº Environment Configuration Loaded

      at Object.<anonymous> (src/preload.ts:7:9)

  console.log
      NODE_ENV: test

      at Object.<anonymous> (src/preload.ts:8:9)

  console.log
      DATABASE_URL: SET

      at Object.<anonymous> (src/preload.ts:9:9)

  console.log
      PORT: 3001

      at Object.<anonymous> (src/preload.ts:10:9)

  console.log
    
    ­ƒôè PostgreSQL Connection Configuration:

      at Object.<anonymous> (src/db.ts:6:9)

  console.log
      URL: postgresql://postgres:gdJBJcoNQarrHQLXYtHlGtHVIdWL...

      at Object.<anonymous> (src/db.ts:7:9)

  console.log
    Ô£à Database pool connection established

      at BoundPool.<anonymous> (src/db.ts:29:11)

  console.log
    Ô£à Database tables already exist, skipping setup

      at initializeTestEnv (src/api/integration/__tests__/_setup.ts:57:13)

[2026-02-10 14:12:11] [32minfo[39m: [32m­ƒÜÇ Initializing MyLab Platform with modules:[39m {
  "modules": [
    "Authentication",
    "Projects",
    "Samples",
    "Analytics",
    "Compliance",
    "Company Management",
    "Integrations",
    "Marketplace",
    "Module Center",
    "Support"
  ]
}
  console.log
    [Token Cleanup] Scheduled cleanup job initialized (runs daily at 2 AM UTC)

      at initializeTokenCleanupJob (src/jobs/tokenCleanup.ts:133:11)

  console.log
    Ô£à Test environment ready

      at initializeTestEnv (src/api/integration/__tests__/_setup.ts:64:11)

[2026-02-10 14:12:11] [32minfo[39m: [32mUser login attempt[39m {
  "email": "platform-admin-trials-1770729129445@example.com"
}
[2026-02-10 14:12:11] [32minfo[39m: [32mUser login successful[39m {
  "userId": "8b779248-a0e0-4159-b83d-a10b3321dd31",
  "email": "platform-admin-trials-1770729129445@example.com"
}
[2026-02-10 14:12:11] [32minfo[39m: [32mUser logged in via API[39m {
  "email": "platform-admin-trials-1770729129445@example.com"
}
[2026-02-10 14:12:11] [35mhttp[39m: [35m::ffff:127.0.0.1 - - [10/Feb/2026:13:12:11 +0000] "POST /api/auth/login HTTP/1.1" 200 537 "-" "-"[39m 
[2026-02-10 14:12:11] [32minfo[39m: [32mRegistering org admin[39m {
  "email": "trials-test-1770729129445@example.com"
}
[2026-02-10 14:12:12] [32minfo[39m: [32mOrg admin registered successfully[39m {
  "userId": "9390e1c5-904d-4308-b24e-33175ca425da",
  "email": "trials-test-1770729129445@example.com"
}
[2026-02-10 14:12:12] [32minfo[39m: [32mOrg admin registered via API[39m {
  "email": "trials-test-1770729129445@example.com"
}
[2026-02-10 14:12:12] [35mhttp[39m: [35m::ffff:127.0.0.1 - - [10/Feb/2026:13:12:12 +0000] "POST /api/auth/register HTTP/1.1" 201 157 "-" "-"[39m 
[2026-02-10 14:12:12] [32minfo[39m: [32mUser login attempt[39m {
  "email": "trials-test-1770729129445@example.com"
}
[2026-02-10 14:12:12] [32minfo[39m: [32mUser login successful[39m {
  "userId": "9390e1c5-904d-4308-b24e-33175ca425da",
  "email": "trials-test-1770729129445@example.com"
}
[2026-02-10 14:12:12] [32minfo[39m: [32mUser logged in via API[39m {
  "email": "trials-test-1770729129445@example.com"
}
[2026-02-10 14:12:12] [35mhttp[39m: [35m::ffff:127.0.0.1 - - [10/Feb/2026:13:12:12 +0000] "POST /api/auth/login HTTP/1.1" 200 569 "-" "-"[39m 
[2026-02-10 14:12:13] [32minfo[39m: [32mPlatform admin access granted[39m {
  "userId": "8b779248-a0e0-4159-b83d-a10b3321dd31",
  "path": "/"
}
[2026-02-10 14:12:13] [32minfo[39m: [32mCreating organization[39m {
  "userOrgId": null,
  "userId": "8b779248-a0e0-4159-b83d-a10b3321dd31",
  "name": "Trials Client"
}
[2026-02-10 14:12:13] [35mhttp[39m: [35m::ffff:127.0.0.1 - - [10/Feb/2026:13:12:13 +0000] "POST /api/organizations HTTP/1.1" 201 203 "-" "-"[39m 
  console.log
    Ô£à Database pool connection established

      at BoundPool.<anonymous> (src/db.ts:29:11)

[2026-02-10 14:12:15] [32minfo[39m: [32mPlatform admin access granted[39m {
  "userId": "8b779248-a0e0-4159-b83d-a10b3321dd31",
  "path": "/"
}
[2026-02-10 14:12:15] [32minfo[39m: [32mCreating organization[39m {
  "userOrgId": null,
  "userId": "8b779248-a0e0-4159-b83d-a10b3321dd31",
  "name": "Trials Lab"
}
[2026-02-10 14:12:15] [35mhttp[39m: [35m::ffff:127.0.0.1 - - [10/Feb/2026:13:12:15 +0000] "POST /api/organizations HTTP/1.1" 201 204 "-" "-"[39m 
[2026-02-10 14:12:15] [32minfo[39m: [32mCreating project[39m {
  "workspaceId": "a33357a8-2e04-4d5a-a843-29b75d2c685c",
  "userId": "9390e1c5-904d-4308-b24e-33175ca425da",
  "data": {
    "name": "Trials Test Project",
    "description": "For trial testing",
    "clientOrgId": "aaa0ded3-ae79-4499-be4a-6214638ecf70",
    "executingOrgId": "c5403046-5a81-4be4-a73a-f34665e91824",
    "workflowMode": "trial_first"
  }
}
[2026-02-10 14:12:16] [32minfo[39m: [32mProject created successfully[39m {
  "projectId": "300be622-836c-4630-9397-f367e08e76aa",
  "userId": "9390e1c5-904d-4308-b24e-33175ca425da"
}
[2026-02-10 14:12:16] [32minfo[39m: [32mProject created via API[39m {
  "projectId": "300be622-836c-4630-9397-f367e08e76aa",
  "userId": "9390e1c5-904d-4308-b24e-33175ca425da"
}
[2026-02-10 14:12:16] [35mhttp[39m: [35m::ffff:127.0.0.1 - - [10/Feb/2026:13:12:16 +0000] "POST /api/projects HTTP/1.1" 201 601 "-" "-"[39m 
[2026-02-10 14:12:17] [32minfo[39m: [32mTrial created via API[39m {
  "trialId": "67cc8525-f553-4f9a-8cab-e062acead016",
  "userId": "9390e1c5-904d-4308-b24e-33175ca425da"
}
[2026-02-10 14:12:17] [35mhttp[39m: [35m::ffff:127.0.0.1 - - [10/Feb/2026:13:12:17 +0000] "POST /api/projects/300be622-836c-4630-9397-f367e08e76aa/trials HTTP/1.1" 201 520 "-" "-"[39m 
[2026-02-10 14:12:18] [32minfo[39m: [32mTrial created via API[39m {
  "trialId": "15de4343-a683-40f2-bd2b-a09c0238f791",
  "userId": "9390e1c5-904d-4308-b24e-33175ca425da"
}
[2026-02-10 14:12:18] [35mhttp[39m: [35m::ffff:127.0.0.1 - - [10/Feb/2026:13:12:18 +0000] "POST /api/projects/300be622-836c-4630-9397-f367e08e76aa/trials HTTP/1.1" 201 583 "-" "-"[39m 
[2026-02-10 14:12:18] [35mhttp[39m: [35m::ffff:127.0.0.1 - - [10/Feb/2026:13:12:18 +0000] "POST /api/projects/300be622-836c-4630-9397-f367e08e76aa/trials HTTP/1.1" 401 51 "-" "-"[39m 
[2026-02-10 14:12:19] [32minfo[39m: [32mTrial created via API[39m {
  "trialId": "476af162-739c-42e1-bbfe-7a56689c90a4",
  "userId": "9390e1c5-904d-4308-b24e-33175ca425da"
}
[2026-02-10 14:12:19] [35mhttp[39m: [35m::ffff:127.0.0.1 - - [10/Feb/2026:13:12:19 +0000] "POST /api/projects/300be622-836c-4630-9397-f367e08e76aa/trials HTTP/1.1" 201 523 "-" "-"[39m 
[2026-02-10 14:12:20] [32minfo[39m: [32mTrial created via API[39m {
  "trialId": "4acef26b-abf3-49e4-a20d-1167165a2aa5",
  "userId": "9390e1c5-904d-4308-b24e-33175ca425da"
}
[2026-02-10 14:12:20] [35mhttp[39m: [35m::ffff:127.0.0.1 - - [10/Feb/2026:13:12:20 +0000] "POST /api/projects/300be622-836c-4630-9397-f367e08e76aa/trials HTTP/1.1" 201 523 "-" "-"[39m 
  console.warn
    Failed to cleanup users: error: update or delete on table "users" violates foreign key constraint "projects_created_by_fkey" on table "projects"
        at C:\Users\r.kowdampalli\Documents\MyProjects\mylab-platform\backend\node_modules\pg-pool\index.js:45:11
        at processTicksAndRejections (node:internal/process/task_queues:105:5)
        at cleanupRecords (C:\Users\r.kowdampalli\Documents\MyProjects\mylab-platform\backend\src\api\integration\__tests__\_setup.ts:123:7)
        at Object.<anonymous> (C:\Users\r.kowdampalli\Documents\MyProjects\mylab-platform\backend\src\api\integration\__tests__\04-trials.test.ts:90:5) {
      length: 317,
      severity: 'ERROR',
      code: '23503',
      detail: 'Key (id)=(9390e1c5-904d-4308-b24e-33175ca425da) is still referenced from table "projects".',
      hint: undefined,
      position: undefined,
      internalPosition: undefined,
      internalQuery: undefined,
      where: undefined,
      schema: 'public',
      table: 'projects',
      column: undefined,
      dataType: undefined,
      constraint: 'projects_created_by_fkey',
      file: 'ri_triggers.c',
      line: '2612',
      routine: 'ri_ReportViolation'
    }

    [0m [90m 123 |[39m       [36mawait[39m pool[33m.[39mquery([32m`DELETE FROM ${table} WHERE ${conditions}`[39m[33m,[39m values)
     [90m 124 |[39m     } [36mcatch[39m (err) {
    [31m[1m>[22m[39m[90m 125 |[39m       console[33m.[39mwarn([32m`Failed to cleanup ${table}:`[39m[33m,[39m err)
     [90m     |[39m               [31m[1m^[22m[39m
     [90m 126 |[39m     }
     [90m 127 |[39m   }
     [90m 128 |[39m }[0m

      at cleanupRecords (src/api/integration/__tests__/_setup.ts:125:15)
      at Object.<anonymous> (src/api/integration/__tests__/04-trials.test.ts:90:5)

  console.warn
    Failed to cleanup users: error: update or delete on table "users" violates foreign key constraint "auditlog_actor_id_fkey" on table "auditlog"
        at C:\Users\r.kowdampalli\Documents\MyProjects\mylab-platform\backend\node_modules\pg-pool\index.js:45:11
        at processTicksAndRejections (node:internal/process/task_queues:105:5)
        at cleanupRecords (C:\Users\r.kowdampalli\Documents\MyProjects\mylab-platform\backend\src\api\integration\__tests__\_setup.ts:123:7)
        at Object.<anonymous> (C:\Users\r.kowdampalli\Documents\MyProjects\mylab-platform\backend\src\api\integration\__tests__\04-trials.test.ts:90:5) {
      length: 313,
      severity: 'ERROR',
      code: '23503',
      detail: 'Key (id)=(8b779248-a0e0-4159-b83d-a10b3321dd31) is still referenced from table "auditlog".',
      hint: undefined,
      position: undefined,
      internalPosition: undefined,
      internalQuery: undefined,
      where: undefined,
      schema: 'public',
      table: 'auditlog',
      column: undefined,
      dataType: undefined,
      constraint: 'auditlog_actor_id_fkey',
      file: 'ri_triggers.c',
      line: '2612',
      routine: 'ri_ReportViolation'
    }

    [0m [90m 123 |[39m       [36mawait[39m pool[33m.[39mquery([32m`DELETE FROM ${table} WHERE ${conditions}`[39m[33m,[39m values)
     [90m 124 |[39m     } [36mcatch[39m (err) {
    [31m[1m>[22m[39m[90m 125 |[39m       console[33m.[39mwarn([32m`Failed to cleanup ${table}:`[39m[33m,[39m err)
     [90m     |[39m               [31m[1m^[22m[39m
     [90m 126 |[39m     }
     [90m 127 |[39m   }
     [90m 128 |[39m }[0m

      at cleanupRecords (src/api/integration/__tests__/_setup.ts:125:15)
      at Object.<anonymous> (src/api/integration/__tests__/04-trials.test.ts:90:5)

  console.log
    Ô£à Database pool connection established

      at BoundPool.<anonymous> (src/db.ts:29:11)

  console.warn
    Failed to cleanup organizations: error: update or delete on table "organizations" violates foreign key constraint "auditlog_actor_org_id_fkey" on table "auditlog"
        at C:\Users\r.kowdampalli\Documents\MyProjects\mylab-platform\backend\node_modules\pg-pool\index.js:45:11
        at processTicksAndRejections (node:internal/process/task_queues:105:5)
        at cleanupRecords (C:\Users\r.kowdampalli\Documents\MyProjects\mylab-platform\backend\src\api\integration\__tests__\_setup.ts:123:7)
        at Object.<anonymous> (C:\Users\r.kowdampalli\Documents\MyProjects\mylab-platform\backend\src\api\integration\__tests__\04-trials.test.ts:90:5) {
      length: 329,
      severity: 'ERROR',
      code: '23503',
      detail: 'Key (id)=(676d7aca-fac9-4830-bfd3-66daaa29a0ae) is still referenced from table "auditlog".',
      hint: undefined,
      position: undefined,
      internalPosition: undefined,
      internalQuery: undefined,
      where: undefined,
      schema: 'public',
      table: 'auditlog',
      column: undefined,
      dataType: undefined,
      constraint: 'auditlog_actor_org_id_fkey',
      file: 'ri_triggers.c',
      line: '2612',
      routine: 'ri_ReportViolation'
    }

    [0m [90m 123 |[39m       [36mawait[39m pool[33m.[39mquery([32m`DELETE FROM ${table} WHERE ${conditions}`[39m[33m,[39m values)
     [90m 124 |[39m     } [36mcatch[39m (err) {
    [31m[1m>[22m[39m[90m 125 |[39m       console[33m.[39mwarn([32m`Failed to cleanup ${table}:`[39m[33m,[39m err)
     [90m     |[39m               [31m[1m^[22m[39m
     [90m 126 |[39m     }
     [90m 127 |[39m   }
     [90m 128 |[39m }[0m

      at cleanupRecords (src/api/integration/__tests__/_setup.ts:125:15)
      at Object.<anonymous> (src/api/integration/__tests__/04-trials.test.ts:90:5)

  console.log
    Ô£à Database pool connection established

      at BoundPool.<anonymous> (src/db.ts:29:11)

  console.warn
    Failed to cleanup organizations: error: update or delete on table "organizations" violates foreign key constraint "projects_client_org_id_fkey" on table "projects"
        at C:\Users\r.kowdampalli\Documents\MyProjects\mylab-platform\backend\node_modules\pg-pool\index.js:45:11
        at processTicksAndRejections (node:internal/process/task_queues:105:5)
        at cleanupRecords (C:\Users\r.kowdampalli\Documents\MyProjects\mylab-platform\backend\src\api\integration\__tests__\_setup.ts:123:7)
        at Object.<anonymous> (C:\Users\r.kowdampalli\Documents\MyProjects\mylab-platform\backend\src\api\integration\__tests__\04-trials.test.ts:90:5) {
      length: 331,
      severity: 'ERROR',
      code: '23503',
      detail: 'Key (id)=(8988d1d6-46d4-47d7-8caf-505559896d9f) is still referenced from table "projects".',
      hint: undefined,
      position: undefined,
      internalPosition: undefined,
      internalQuery: undefined,
      where: undefined,
      schema: 'public',
      table: 'projects',
      column: undefined,
      dataType: undefined,
      constraint: 'projects_client_org_id_fkey',
      file: 'ri_triggers.c',
      line: '2612',
      routine: 'ri_ReportViolation'
    }

    [0m [90m 123 |[39m       [36mawait[39m pool[33m.[39mquery([32m`DELETE FROM ${table} WHERE ${conditions}`[39m[33m,[39m values)
     [90m 124 |[39m     } [36mcatch[39m (err) {
    [31m[1m>[22m[39m[90m 125 |[39m       console[33m.[39mwarn([32m`Failed to cleanup ${table}:`[39m[33m,[39m err)
     [90m     |[39m               [31m[1m^[22m[39m
     [90m 126 |[39m     }
     [90m 127 |[39m   }
     [90m 128 |[39m }[0m

      at cleanupRecords (src/api/integration/__tests__/_setup.ts:125:15)
      at Object.<anonymous> (src/api/integration/__tests__/04-trials.test.ts:90:5)

  console.log
    Ô£à Database pool connection established

      at BoundPool.<anonymous> (src/db.ts:29:11)

  console.warn
    Failed to cleanup organizations: error: update or delete on table "organizations" violates foreign key constraint "projects_executing_org_id_fkey" on table "projects"
        at C:\Users\r.kowdampalli\Documents\MyProjects\mylab-platform\backend\node_modules\pg-pool\index.js:45:11
        at processTicksAndRejections (node:internal/process/task_queues:105:5)
        at cleanupRecords (C:\Users\r.kowdampalli\Documents\MyProjects\mylab-platform\backend\src\api\integration\__tests__\_setup.ts:123:7)
        at Object.<anonymous> (C:\Users\r.kowdampalli\Documents\MyProjects\mylab-platform\backend\src\api\integration\__tests__\04-trials.test.ts:90:5) {
      length: 337,
      severity: 'ERROR',
      code: '23503',
      detail: 'Key (id)=(82b384d0-44ee-4b2d-980f-62378ea9ccea) is still referenced from table "projects".',
      hint: undefined,
      position: undefined,
      internalPosition: undefined,
      internalQuery: undefined,
      where: undefined,
      schema: 'public',
      table: 'projects',
      column: undefined,
      dataType: undefined,
      constraint: 'projects_executing_org_id_fkey',
      file: 'ri_triggers.c',
      line: '2612',
      routine: 'ri_ReportViolation'
    }

    [0m [90m 123 |[39m       [36mawait[39m pool[33m.[39mquery([32m`DELETE FROM ${table} WHERE ${conditions}`[39m[33m,[39m values)
     [90m 124 |[39m     } [36mcatch[39m (err) {
    [31m[1m>[22m[39m[90m 125 |[39m       console[33m.[39mwarn([32m`Failed to cleanup ${table}:`[39m[33m,[39m err)
     [90m     |[39m               [31m[1m^[22m[39m
     [90m 126 |[39m     }
     [90m 127 |[39m   }
     [90m 128 |[39m }[0m

      at cleanupRecords (src/api/integration/__tests__/_setup.ts:125:15)
      at Object.<anonymous> (src/api/integration/__tests__/04-trials.test.ts:90:5)

PASS src/api/integration/__tests__/04-trials.test.ts (16.394 s)
  Trials API
    ÔêÜ should create a trial under a project (954 ms)
    ÔêÜ should create trial with optional fields (981 ms)
    ÔêÜ should require authorization (5 ms)
    ÔêÜ should allow multiple trials in same project (1898 ms)

  console.log
    
    ­ƒÜÇ Initializing test environment...

      at initializeTestEnv (src/api/integration/__tests__/_setup.ts:41:11)

  console.log
    ­ƒöº Environment Configuration Loaded

      at Object.<anonymous> (src/preload.ts:7:9)

  console.log
      NODE_ENV: test

      at Object.<anonymous> (src/preload.ts:8:9)

  console.log
      DATABASE_URL: SET

      at Object.<anonymous> (src/preload.ts:9:9)

  console.log
      PORT: 3001

      at Object.<anonymous> (src/preload.ts:10:9)

  console.log
    
    ­ƒôè PostgreSQL Connection Configuration:

      at Object.<anonymous> (src/db.ts:6:9)

  console.log
      URL: postgresql://postgres:gdJBJcoNQarrHQLXYtHlGtHVIdWL...

      at Object.<anonymous> (src/db.ts:7:9)

  console.log
    Ô£à Database pool connection established

      at BoundPool.<anonymous> (src/db.ts:29:11)

  console.log
    Ô£à Database tables already exist, skipping setup

      at initializeTestEnv (src/api/integration/__tests__/_setup.ts:57:13)

[2026-02-10 14:12:27] [32minfo[39m: [32m­ƒÜÇ Initializing MyLab Platform with modules:[39m {
  "modules": [
    "Authentication",
    "Projects",
    "Samples",
    "Analytics",
    "Compliance",
    "Company Management",
    "Integrations",
    "Marketplace",
    "Module Center",
    "Support"
  ]
}
  console.log
    [Token Cleanup] Scheduled cleanup job initialized (runs daily at 2 AM UTC)

      at initializeTokenCleanupJob (src/jobs/tokenCleanup.ts:133:11)

  console.log
    Ô£à Test environment ready

      at initializeTestEnv (src/api/integration/__tests__/_setup.ts:64:11)

[2026-02-10 14:12:27] [32minfo[39m: [32mUser login attempt[39m {
  "email": "platform-admin-projects-1770729145805@example.com"
}
[2026-02-10 14:12:28] [32minfo[39m: [32mUser login successful[39m {
  "userId": "0ef86fa1-47df-4f61-b535-bccd6e612d49",
  "email": "platform-admin-projects-1770729145805@example.com"
}
[2026-02-10 14:12:28] [32minfo[39m: [32mUser logged in via API[39m {
  "email": "platform-admin-projects-1770729145805@example.com"
}
[2026-02-10 14:12:28] [35mhttp[39m: [35m::ffff:127.0.0.1 - - [10/Feb/2026:13:12:28 +0000] "POST /api/auth/login HTTP/1.1" 200 541 "-" "-"[39m 
[2026-02-10 14:12:28] [32minfo[39m: [32mRegistering org admin[39m {
  "email": "projects-test-1770729145805@example.com"
}
[2026-02-10 14:12:28] [32minfo[39m: [32mOrg admin registered successfully[39m {
  "userId": "1abd44ac-2761-4dc7-84f0-e330a1f4bebc",
  "email": "projects-test-1770729145805@example.com"
}
[2026-02-10 14:12:28] [32minfo[39m: [32mOrg admin registered via API[39m {
  "email": "projects-test-1770729145805@example.com"
}
[2026-02-10 14:12:28] [35mhttp[39m: [35m::ffff:127.0.0.1 - - [10/Feb/2026:13:12:28 +0000] "POST /api/auth/register HTTP/1.1" 201 159 "-" "-"[39m 
[2026-02-10 14:12:28] [32minfo[39m: [32mUser login attempt[39m {
  "email": "projects-test-1770729145805@example.com"
}
[2026-02-10 14:12:28] [32minfo[39m: [32mUser login successful[39m {
  "userId": "1abd44ac-2761-4dc7-84f0-e330a1f4bebc",
  "email": "projects-test-1770729145805@example.com"
}
[2026-02-10 14:12:28] [32minfo[39m: [32mUser logged in via API[39m {
  "email": "projects-test-1770729145805@example.com"
}
[2026-02-10 14:12:28] [35mhttp[39m: [35m::ffff:127.0.0.1 - - [10/Feb/2026:13:12:28 +0000] "POST /api/auth/login HTTP/1.1" 200 574 "-" "-"[39m 
[2026-02-10 14:12:29] [32minfo[39m: [32mPlatform admin access granted[39m {
  "userId": "0ef86fa1-47df-4f61-b535-bccd6e612d49",
  "path": "/"
}
[2026-02-10 14:12:29] [32minfo[39m: [32mCreating organization[39m {
  "userOrgId": null,
  "userId": "0ef86fa1-47df-4f61-b535-bccd6e612d49",
  "name": "Project Test Client"
}
[2026-02-10 14:12:29] [35mhttp[39m: [35m::ffff:127.0.0.1 - - [10/Feb/2026:13:12:29 +0000] "POST /api/organizations HTTP/1.1" 201 209 "-" "-"[39m 
  console.log
    Ô£à Database pool connection established

      at BoundPool.<anonymous> (src/db.ts:29:11)

[2026-02-10 14:12:31] [32minfo[39m: [32mPlatform admin access granted[39m {
  "userId": "0ef86fa1-47df-4f61-b535-bccd6e612d49",
  "path": "/"
}
[2026-02-10 14:12:31] [32minfo[39m: [32mCreating organization[39m {
  "userOrgId": null,
  "userId": "0ef86fa1-47df-4f61-b535-bccd6e612d49",
  "name": "Project Test Lab"
}
[2026-02-10 14:12:31] [35mhttp[39m: [35m::ffff:127.0.0.1 - - [10/Feb/2026:13:12:31 +0000] "POST /api/organizations HTTP/1.1" 201 210 "-" "-"[39m 
[2026-02-10 14:12:31] [32minfo[39m: [32mCreating project[39m {
  "workspaceId": "3293af95-b668-43c3-b4f4-bf83ddc39b25",
  "userId": "1abd44ac-2761-4dc7-84f0-e330a1f4bebc",
  "data": {
    "name": "Test Project",
    "description": "A test project",
    "clientOrgId": "724094c5-8d16-4e84-a5a4-0db69bf90fd4",
    "executingOrgId": "91b10e27-ef72-45df-ac9a-41cdf5e01b36",
    "workflowMode": "trial_first"
  }
}
[2026-02-10 14:12:33] [32minfo[39m: [32mProject created successfully[39m {
  "projectId": "ea9eca10-7f5a-4ecb-a883-e365f17a3775",
  "userId": "1abd44ac-2761-4dc7-84f0-e330a1f4bebc"
}
[2026-02-10 14:12:33] [32minfo[39m: [32mProject created via API[39m {
  "projectId": "ea9eca10-7f5a-4ecb-a883-e365f17a3775",
  "userId": "1abd44ac-2761-4dc7-84f0-e330a1f4bebc"
}
[2026-02-10 14:12:33] [35mhttp[39m: [35m::ffff:127.0.0.1 - - [10/Feb/2026:13:12:33 +0000] "POST /api/projects HTTP/1.1" 201 603 "-" "-"[39m 
[2026-02-10 14:12:33] [32minfo[39m: [32mCreating project[39m {
  "workspaceId": "3293af95-b668-43c3-b4f4-bf83ddc39b25",
  "userId": "1abd44ac-2761-4dc7-84f0-e330a1f4bebc",
  "data": {
    "name": "External Client Project",
    "description": "Project with external client",
    "externalClientName": "External Corp",
    "executingOrgId": "91b10e27-ef72-45df-ac9a-41cdf5e01b36",
    "workflowMode": "trial_first"
  }
}
[2026-02-10 14:12:34] [32minfo[39m: [32mProject created successfully[39m {
  "projectId": "7de7a269-d42b-480c-b04d-8ef2096d066c",
  "userId": "1abd44ac-2761-4dc7-84f0-e330a1f4bebc"
}
[2026-02-10 14:12:34] [32minfo[39m: [32mProject created via API[39m {
  "projectId": "7de7a269-d42b-480c-b04d-8ef2096d066c",
  "userId": "1abd44ac-2761-4dc7-84f0-e330a1f4bebc"
}
[2026-02-10 14:12:34] [35mhttp[39m: [35m::ffff:127.0.0.1 - - [10/Feb/2026:13:12:34 +0000] "POST /api/projects HTTP/1.1" 201 588 "-" "-"[39m 
[2026-02-10 14:12:35] [33mwarn[39m: [33mValidation error[39m {
  "path": "/",
  "method": "POST",
  "errors": {
    "": "Either select a registered client organization or provide an external client name"
  }
}
[2026-02-10 14:12:35] [33mwarn[39m: [33mValidation failed[39m {
  "statusCode": 400,
  "userId": "1abd44ac-2761-4dc7-84f0-e330a1f4bebc"
}
[2026-02-10 14:12:35] [35mhttp[39m: [35m::ffff:127.0.0.1 - - [10/Feb/2026:13:12:35 +0000] "POST /api/projects HTTP/1.1" 400 97 "-" "-"[39m 
[2026-02-10 14:12:35] [35mhttp[39m: [35m::ffff:127.0.0.1 - - [10/Feb/2026:13:12:35 +0000] "POST /api/projects HTTP/1.1" 401 51 "-" "-"[39m 
[2026-02-10 14:12:35] [32minfo[39m: [32mCreating project[39m {
  "workspaceId": "3293af95-b668-43c3-b4f4-bf83ddc39b25",
  "userId": "1abd44ac-2761-4dc7-84f0-e330a1f4bebc",
  "data": {
    "name": "Project A",
    "clientOrgId": "724094c5-8d16-4e84-a5a4-0db69bf90fd4",
    "executingOrgId": "91b10e27-ef72-45df-ac9a-41cdf5e01b36",
    "workflowMode": "trial_first"
  }
}
[2026-02-10 14:12:36] [32minfo[39m: [32mProject created successfully[39m {
  "projectId": "00f9ee75-1842-4515-b311-d839cd079a01",
  "userId": "1abd44ac-2761-4dc7-84f0-e330a1f4bebc"
}
[2026-02-10 14:12:36] [32minfo[39m: [32mProject created via API[39m {
  "projectId": "00f9ee75-1842-4515-b311-d839cd079a01",
  "userId": "1abd44ac-2761-4dc7-84f0-e330a1f4bebc"
}
[2026-02-10 14:12:36] [35mhttp[39m: [35m::ffff:127.0.0.1 - - [10/Feb/2026:13:12:36 +0000] "POST /api/projects HTTP/1.1" 201 588 "-" "-"[39m 
[2026-02-10 14:12:37] [32minfo[39m: [32mCreating project[39m {
  "workspaceId": "3293af95-b668-43c3-b4f4-bf83ddc39b25",
  "userId": "1abd44ac-2761-4dc7-84f0-e330a1f4bebc",
  "data": {
    "name": "Project B",
    "clientOrgId": "724094c5-8d16-4e84-a5a4-0db69bf90fd4",
    "executingOrgId": "91b10e27-ef72-45df-ac9a-41cdf5e01b36",
    "workflowMode": "trial_first"
  }
}
[2026-02-10 14:12:38] [32minfo[39m: [32mProject created successfully[39m {
  "projectId": "a075bd85-f239-4083-8b63-19954ff488dd",
  "userId": "1abd44ac-2761-4dc7-84f0-e330a1f4bebc"
}
[2026-02-10 14:12:38] [32minfo[39m: [32mProject created via API[39m {
  "projectId": "a075bd85-f239-4083-8b63-19954ff488dd",
  "userId": "1abd44ac-2761-4dc7-84f0-e330a1f4bebc"
}
[2026-02-10 14:12:38] [35mhttp[39m: [35m::ffff:127.0.0.1 - - [10/Feb/2026:13:12:38 +0000] "POST /api/projects HTTP/1.1" 201 588 "-" "-"[39m 
  console.warn
    Failed to cleanup users: error: update or delete on table "users" violates foreign key constraint "auditlog_actor_id_fkey" on table "auditlog"
        at C:\Users\r.kowdampalli\Documents\MyProjects\mylab-platform\backend\node_modules\pg-pool\index.js:45:11
        at processTicksAndRejections (node:internal/process/task_queues:105:5)
        at cleanupRecords (C:\Users\r.kowdampalli\Documents\MyProjects\mylab-platform\backend\src\api\integration\__tests__\_setup.ts:123:7)
        at Object.<anonymous> (C:\Users\r.kowdampalli\Documents\MyProjects\mylab-platform\backend\src\api\integration\__tests__\03-projects.test.ts:86:5) {
      length: 313,
      severity: 'ERROR',
      code: '23503',
      detail: 'Key (id)=(1abd44ac-2761-4dc7-84f0-e330a1f4bebc) is still referenced from table "auditlog".',
      hint: undefined,
      position: undefined,
      internalPosition: undefined,
      internalQuery: undefined,
      where: undefined,
      schema: 'public',
      table: 'auditlog',
      column: undefined,
      dataType: undefined,
      constraint: 'auditlog_actor_id_fkey',
      file: 'ri_triggers.c',
      line: '2612',
      routine: 'ri_ReportViolation'
    }

    [0m [90m 123 |[39m       [36mawait[39m pool[33m.[39mquery([32m`DELETE FROM ${table} WHERE ${conditions}`[39m[33m,[39m values)
     [90m 124 |[39m     } [36mcatch[39m (err) {
    [31m[1m>[22m[39m[90m 125 |[39m       console[33m.[39mwarn([32m`Failed to cleanup ${table}:`[39m[33m,[39m err)
     [90m     |[39m               [31m[1m^[22m[39m
     [90m 126 |[39m     }
     [90m 127 |[39m   }
     [90m 128 |[39m }[0m

      at cleanupRecords (src/api/integration/__tests__/_setup.ts:125:15)
      at Object.<anonymous> (src/api/integration/__tests__/03-projects.test.ts:86:5)

  console.warn
    Failed to cleanup users: error: update or delete on table "users" violates foreign key constraint "auditlog_actor_id_fkey" on table "auditlog"
        at C:\Users\r.kowdampalli\Documents\MyProjects\mylab-platform\backend\node_modules\pg-pool\index.js:45:11
        at processTicksAndRejections (node:internal/process/task_queues:105:5)
        at cleanupRecords (C:\Users\r.kowdampalli\Documents\MyProjects\mylab-platform\backend\src\api\integration\__tests__\_setup.ts:123:7)
        at Object.<anonymous> (C:\Users\r.kowdampalli\Documents\MyProjects\mylab-platform\backend\src\api\integration\__tests__\03-projects.test.ts:86:5) {
      length: 313,
      severity: 'ERROR',
      code: '23503',
      detail: 'Key (id)=(0ef86fa1-47df-4f61-b535-bccd6e612d49) is still referenced from table "auditlog".',
      hint: undefined,
      position: undefined,
      internalPosition: undefined,
      internalQuery: undefined,
      where: undefined,
      schema: 'public',
      table: 'auditlog',
      column: undefined,
      dataType: undefined,
      constraint: 'auditlog_actor_id_fkey',
      file: 'ri_triggers.c',
      line: '2612',
      routine: 'ri_ReportViolation'
    }

    [0m [90m 123 |[39m       [36mawait[39m pool[33m.[39mquery([32m`DELETE FROM ${table} WHERE ${conditions}`[39m[33m,[39m values)
     [90m 124 |[39m     } [36mcatch[39m (err) {
    [31m[1m>[22m[39m[90m 125 |[39m       console[33m.[39mwarn([32m`Failed to cleanup ${table}:`[39m[33m,[39m err)
     [90m     |[39m               [31m[1m^[22m[39m
     [90m 126 |[39m     }
     [90m 127 |[39m   }
     [90m 128 |[39m }[0m

      at cleanupRecords (src/api/integration/__tests__/_setup.ts:125:15)
      at Object.<anonymous> (src/api/integration/__tests__/03-projects.test.ts:86:5)

  console.log
    Ô£à Database pool connection established

      at BoundPool.<anonymous> (src/db.ts:29:11)

  console.warn
    Failed to cleanup organizations: error: update or delete on table "organizations" violates foreign key constraint "auditlog_actor_org_id_fkey" on table "auditlog"
        at C:\Users\r.kowdampalli\Documents\MyProjects\mylab-platform\backend\node_modules\pg-pool\index.js:45:11
        at processTicksAndRejections (node:internal/process/task_queues:105:5)
        at cleanupRecords (C:\Users\r.kowdampalli\Documents\MyProjects\mylab-platform\backend\src\api\integration\__tests__\_setup.ts:123:7)
        at Object.<anonymous> (C:\Users\r.kowdampalli\Documents\MyProjects\mylab-platform\backend\src\api\integration\__tests__\03-projects.test.ts:86:5) {
      length: 329,
      severity: 'ERROR',
      code: '23503',
      detail: 'Key (id)=(9ed80a63-3a40-4612-88c5-19afd69e8e28) is still referenced from table "auditlog".',
      hint: undefined,
      position: undefined,
      internalPosition: undefined,
      internalQuery: undefined,
      where: undefined,
      schema: 'public',
      table: 'auditlog',
      column: undefined,
      dataType: undefined,
      constraint: 'auditlog_actor_org_id_fkey',
      file: 'ri_triggers.c',
      line: '2612',
      routine: 'ri_ReportViolation'
    }

    [0m [90m 123 |[39m       [36mawait[39m pool[33m.[39mquery([32m`DELETE FROM ${table} WHERE ${conditions}`[39m[33m,[39m values)
     [90m 124 |[39m     } [36mcatch[39m (err) {
    [31m[1m>[22m[39m[90m 125 |[39m       console[33m.[39mwarn([32m`Failed to cleanup ${table}:`[39m[33m,[39m err)
     [90m     |[39m               [31m[1m^[22m[39m
     [90m 126 |[39m     }
     [90m 127 |[39m   }
     [90m 128 |[39m }[0m

      at cleanupRecords (src/api/integration/__tests__/_setup.ts:125:15)
      at Object.<anonymous> (src/api/integration/__tests__/03-projects.test.ts:86:5)

  console.log
    Ô£à Database pool connection established

      at BoundPool.<anonymous> (src/db.ts:29:11)

PASS src/api/integration/__tests__/03-projects.test.ts (17.145 s)
  Projects API
    ÔêÜ should create a project with clientOrgId and executingOrgId (1804 ms)
    ÔêÜ should create a project with externalClientName (1568 ms)
    ÔêÜ should require either clientOrgId or externalClientName (410 ms)
    ÔêÜ should require authorization (4 ms)
    ÔêÜ should allow multiple projects with same orgs (3496 ms)

  console.log
    
    ­ƒÜÇ Initializing test environment...

      at initializeTestEnv (src/api/integration/__tests__/_setup.ts:41:11)

  console.log
    ­ƒöº Environment Configuration Loaded

      at Object.<anonymous> (src/preload.ts:7:9)

  console.log
      NODE_ENV: test

      at Object.<anonymous> (src/preload.ts:8:9)

  console.log
      DATABASE_URL: SET

      at Object.<anonymous> (src/preload.ts:9:9)

  console.log
      PORT: 3001

      at Object.<anonymous> (src/preload.ts:10:9)

  console.log
    
    ­ƒôè PostgreSQL Connection Configuration:

      at Object.<anonymous> (src/db.ts:6:9)

  console.log
      URL: postgresql://postgres:gdJBJcoNQarrHQLXYtHlGtHVIdWL...

      at Object.<anonymous> (src/db.ts:7:9)

  console.log
    Ô£à Database pool connection established

      at BoundPool.<anonymous> (src/db.ts:29:11)

  console.log
    Ô£à Database tables already exist, skipping setup

      at initializeTestEnv (src/api/integration/__tests__/_setup.ts:57:13)

[2026-02-10 14:12:44] [32minfo[39m: [32m­ƒÜÇ Initializing MyLab Platform with modules:[39m {
  "modules": [
    "Authentication",
    "Projects",
    "Samples",
    "Analytics",
    "Compliance",
    "Company Management",
    "Integrations",
    "Marketplace",
    "Module Center",
    "Support"
  ]
}
  console.log
    [Token Cleanup] Scheduled cleanup job initialized (runs daily at 2 AM UTC)

      at initializeTokenCleanupJob (src/jobs/tokenCleanup.ts:133:11)

  console.log
    Ô£à Test environment ready

      at initializeTestEnv (src/api/integration/__tests__/_setup.ts:64:11)

[2026-02-10 14:12:45] [32minfo[39m: [32mUser login attempt[39m {
  "email": "platform-admin-test-1770729162941@example.com"
}
[2026-02-10 14:12:45] [32minfo[39m: [32mUser login successful[39m {
  "userId": "e313d9c4-6bf4-4e33-bb2c-c1b34d7cd148",
  "email": "platform-admin-test-1770729162941@example.com"
}
[2026-02-10 14:12:45] [32minfo[39m: [32mUser logged in via API[39m {
  "email": "platform-admin-test-1770729162941@example.com"
}
[2026-02-10 14:12:45] [35mhttp[39m: [35m::ffff:127.0.0.1 - - [10/Feb/2026:13:12:45 +0000] "POST /api/auth/login HTTP/1.1" 200 532 "-" "-"[39m 
[2026-02-10 14:12:45] [32minfo[39m: [32mRegistering org admin[39m {
  "email": "org-test-1770729162941@example.com"
}
[2026-02-10 14:12:45] [32minfo[39m: [32mOrg admin registered successfully[39m {
  "userId": "fff4b6ac-51b4-4150-bfa5-b6f3aecc9ea8",
  "email": "org-test-1770729162941@example.com"
}
[2026-02-10 14:12:45] [32minfo[39m: [32mOrg admin registered via API[39m {
  "email": "org-test-1770729162941@example.com"
}
[2026-02-10 14:12:45] [35mhttp[39m: [35m::ffff:127.0.0.1 - - [10/Feb/2026:13:12:45 +0000] "POST /api/auth/register HTTP/1.1" 201 154 "-" "-"[39m 
[2026-02-10 14:12:45] [32minfo[39m: [32mUser login attempt[39m {
  "email": "org-test-1770729162941@example.com"
}
[2026-02-10 14:12:46] [32minfo[39m: [32mUser login successful[39m {
  "userId": "fff4b6ac-51b4-4150-bfa5-b6f3aecc9ea8",
  "email": "org-test-1770729162941@example.com"
}
[2026-02-10 14:12:46] [32minfo[39m: [32mUser logged in via API[39m {
  "email": "org-test-1770729162941@example.com"
}
[2026-02-10 14:12:46] [35mhttp[39m: [35m::ffff:127.0.0.1 - - [10/Feb/2026:13:12:46 +0000] "POST /api/auth/login HTTP/1.1" 200 559 "-" "-"[39m 
[2026-02-10 14:12:46] [32minfo[39m: [32mPlatform admin access granted[39m {
  "userId": "e313d9c4-6bf4-4e33-bb2c-c1b34d7cd148",
  "path": "/"
}
[2026-02-10 14:12:46] [32minfo[39m: [32mCreating organization[39m {
  "userOrgId": null,
  "userId": "e313d9c4-6bf4-4e33-bb2c-c1b34d7cd148",
  "name": "Test Client Org"
}
[2026-02-10 14:12:46] [35mhttp[39m: [35m::ffff:127.0.0.1 - - [10/Feb/2026:13:12:46 +0000] "POST /api/organizations HTTP/1.1" 201 205 "-" "-"[39m 
  console.log
    Ô£à Database pool connection established

      at BoundPool.<anonymous> (src/db.ts:29:11)

[2026-02-10 14:12:48] [32minfo[39m: [32mPlatform admin access granted[39m {
  "userId": "e313d9c4-6bf4-4e33-bb2c-c1b34d7cd148",
  "path": "/"
}
[2026-02-10 14:12:48] [32minfo[39m: [32mCreating organization[39m {
  "userOrgId": null,
  "userId": "e313d9c4-6bf4-4e33-bb2c-c1b34d7cd148",
  "name": "Test Lab Org"
}
[2026-02-10 14:12:49] [35mhttp[39m: [35m::ffff:127.0.0.1 - - [10/Feb/2026:13:12:49 +0000] "POST /api/organizations HTTP/1.1" 201 206 "-" "-"[39m 
[2026-02-10 14:12:49] [35mhttp[39m: [35m::ffff:127.0.0.1 - - [10/Feb/2026:13:12:49 +0000] "POST /api/organizations HTTP/1.1" 401 51 "-" "-"[39m 
[2026-02-10 14:12:49] [33mwarn[39m: [33mPlatform admin access denied[39m {
  "userId": "fff4b6ac-51b4-4150-bfa5-b6f3aecc9ea8",
  "role": "admin",
  "path": "/"
}
[2026-02-10 14:12:49] [35mhttp[39m: [35m::ffff:127.0.0.1 - - [10/Feb/2026:13:12:49 +0000] "POST /api/organizations HTTP/1.1" 403 113 "-" "-"[39m 
[2026-02-10 14:12:50] [32minfo[39m: [32mPlatform admin access granted[39m {
  "userId": "e313d9c4-6bf4-4e33-bb2c-c1b34d7cd148",
  "path": "/"
}
[2026-02-10 14:12:50] [32minfo[39m: [32mCreating organization[39m {
  "userOrgId": null,
  "userId": "e313d9c4-6bf4-4e33-bb2c-c1b34d7cd148",
  "name": "Client A"
}
[2026-02-10 14:12:50] [35mhttp[39m: [35m::ffff:127.0.0.1 - - [10/Feb/2026:13:12:50 +0000] "POST /api/organizations HTTP/1.1" 201 198 "-" "-"[39m 
[2026-02-10 14:12:50] [32minfo[39m: [32mPlatform admin access granted[39m {
  "userId": "e313d9c4-6bf4-4e33-bb2c-c1b34d7cd148",
  "path": "/"
}
[2026-02-10 14:12:50] [32minfo[39m: [32mCreating organization[39m {
  "userOrgId": null,
  "userId": "e313d9c4-6bf4-4e33-bb2c-c1b34d7cd148",
  "name": "Client B"
}
[2026-02-10 14:12:50] [35mhttp[39m: [35m::ffff:127.0.0.1 - - [10/Feb/2026:13:12:50 +0000] "POST /api/organizations HTTP/1.1" 201 198 "-" "-"[39m 
  console.warn
    Failed to cleanup users: error: update or delete on table "users" violates foreign key constraint "auditlog_actor_id_fkey" on table "auditlog"
        at C:\Users\r.kowdampalli\Documents\MyProjects\mylab-platform\backend\node_modules\pg-pool\index.js:45:11
        at processTicksAndRejections (node:internal/process/task_queues:105:5)
        at cleanupRecords (C:\Users\r.kowdampalli\Documents\MyProjects\mylab-platform\backend\src\api\integration\__tests__\_setup.ts:123:7)
        at Object.<anonymous> (C:\Users\r.kowdampalli\Documents\MyProjects\mylab-platform\backend\src\api\integration\__tests__\02-organizations.test.ts:70:5) {
      length: 313,
      severity: 'ERROR',
      code: '23503',
      detail: 'Key (id)=(e313d9c4-6bf4-4e33-bb2c-c1b34d7cd148) is still referenced from table "auditlog".',
      hint: undefined,
      position: undefined,
      internalPosition: undefined,
      internalQuery: undefined,
      where: undefined,
      schema: 'public',
      table: 'auditlog',
      column: undefined,
      dataType: undefined,
      constraint: 'auditlog_actor_id_fkey',
      file: 'ri_triggers.c',
      line: '2612',
      routine: 'ri_ReportViolation'
    }

    [0m [90m 123 |[39m       [36mawait[39m pool[33m.[39mquery([32m`DELETE FROM ${table} WHERE ${conditions}`[39m[33m,[39m values)
     [90m 124 |[39m     } [36mcatch[39m (err) {
    [31m[1m>[22m[39m[90m 125 |[39m       console[33m.[39mwarn([32m`Failed to cleanup ${table}:`[39m[33m,[39m err)
     [90m     |[39m               [31m[1m^[22m[39m
     [90m 126 |[39m     }
     [90m 127 |[39m   }
     [90m 128 |[39m }[0m

      at cleanupRecords (src/api/integration/__tests__/_setup.ts:125:15)
      at Object.<anonymous> (src/api/integration/__tests__/02-organizations.test.ts:70:5)

PASS src/api/integration/__tests__/02-organizations.test.ts (8.966 s)
  Organizations API
    ÔêÜ should create a client organization (2186 ms)
    ÔêÜ should create a laboratory organization (813 ms)
    ÔêÜ should require authorization (3 ms)
    ÔêÜ should deny org creation for regular users (non-platform-admin) (413 
ms)
    ÔêÜ should allow creating multiple orgs by same user (1551 ms)

  console.log
    
    ­ƒÜÇ Initializing test environment...

      at initializeTestEnv (src/api/integration/__tests__/_setup.ts:41:11)

  console.log
    ­ƒöº Environment Configuration Loaded

      at Object.<anonymous> (src/preload.ts:7:9)

  console.log
      NODE_ENV: test

      at Object.<anonymous> (src/preload.ts:8:9)

  console.log
      DATABASE_URL: SET

      at Object.<anonymous> (src/preload.ts:9:9)

  console.log
      PORT: 3001

      at Object.<anonymous> (src/preload.ts:10:9)

  console.log
    
    ­ƒôè PostgreSQL Connection Configuration:

      at Object.<anonymous> (src/db.ts:6:9)

  console.log
      URL: postgresql://postgres:gdJBJcoNQarrHQLXYtHlGtHVIdWL...

      at Object.<anonymous> (src/db.ts:7:9)

  console.log
    Ô£à Database pool connection established

      at BoundPool.<anonymous> (src/db.ts:29:11)

  console.log
    Ô£à Database tables already exist, skipping setup

      at initializeTestEnv (src/api/integration/__tests__/_setup.ts:57:13)

[2026-02-10 14:12:53] [32minfo[39m: [32m­ƒÜÇ Initializing MyLab Platform with modules:[39m {
  "modules": [
    "Authentication",
    "Projects",
    "Samples",
    "Analytics",
    "Compliance",
    "Company Management",
    "Integrations",
    "Marketplace",
    "Module Center",
    "Support"
  ]
}
  console.log
    [Token Cleanup] Scheduled cleanup job initialized (runs daily at 2 AM UTC)

      at initializeTokenCleanupJob (src/jobs/tokenCleanup.ts:133:11)

  console.log
    Ô£à Test environment ready

      at initializeTestEnv (src/api/integration/__tests__/_setup.ts:64:11)

[2026-02-10 14:12:53] [32minfo[39m: [32mRegistering org admin[39m {
  "email": "auth-test-1770729171940@example.com"
}
[2026-02-10 14:12:54] [32minfo[39m: [32mOrg admin registered successfully[39m {
  "userId": "24db5ea9-9088-4e93-a8ca-5b7c3c67118f",
  "email": "auth-test-1770729171940@example.com"
}
[2026-02-10 14:12:54] [32minfo[39m: [32mOrg admin registered via API[39m {
  "email": "auth-test-1770729171940@example.com"
}
[2026-02-10 14:12:54] [35mhttp[39m: [35m::ffff:127.0.0.1 - - [10/Feb/2026:13:12:54 +0000] "POST /api/auth/register HTTP/1.1" 201 155 "-" "-"[39m 
[2026-02-10 14:12:54] [32minfo[39m: [32mRegistering org admin[39m {
  "email": "auth-test-1770729171940@example.com"
}
[2026-02-10 14:12:55] [32minfo[39m: [32mOrg admin registered successfully[39m {
  "userId": "931c9c83-4a3a-48d5-8d3a-f4e9ed968f21",
  "email": "auth-test-1770729171940@example.com"
}
[2026-02-10 14:12:55] [32minfo[39m: [32mOrg admin registered via API[39m {
  "email": "auth-test-1770729171940@example.com"
}
[2026-02-10 14:12:55] [35mhttp[39m: [35m::ffff:127.0.0.1 - - [10/Feb/2026:13:12:55 +0000] "POST /api/auth/register HTTP/1.1" 201 155 "-" "-"[39m 
[2026-02-10 14:12:55] [32minfo[39m: [32mUser login attempt[39m {
  "email": "auth-test-1770729171940@example.com"
}
[2026-02-10 14:12:55] [32minfo[39m: [32mUser login successful[39m {
  "userId": "931c9c83-4a3a-48d5-8d3a-f4e9ed968f21",
  "email": "auth-test-1770729171940@example.com"
}
[2026-02-10 14:12:55] [32minfo[39m: [32mUser logged in via API[39m {
  "email": "auth-test-1770729171940@example.com"
}
[2026-02-10 14:12:55] [35mhttp[39m: [35m::ffff:127.0.0.1 - - [10/Feb/2026:13:12:55 +0000] "POST /api/auth/login HTTP/1.1" 200 562 "-" "-"[39m 
[2026-02-10 14:12:56] [32minfo[39m: [32mRegistering org admin[39m {
  "email": "auth-test-1770729171940@example.com"
}
[2026-02-10 14:12:56] [32minfo[39m: [32mOrg admin registered successfully[39m {
  "userId": "7b1b611a-54b5-44f8-a8ed-f681f4ac77cb",
  "email": "auth-test-1770729171940@example.com"
}
[2026-02-10 14:12:56] [32minfo[39m: [32mOrg admin registered via API[39m {
  "email": "auth-test-1770729171940@example.com"
}
[2026-02-10 14:12:56] [35mhttp[39m: [35m::ffff:127.0.0.1 - - [10/Feb/2026:13:12:56 +0000] "POST /api/auth/register HTTP/1.1" 201 155 "-" "-"[39m 
[2026-02-10 14:12:56] [32minfo[39m: [32mUser login attempt[39m {
  "email": "auth-test-1770729171940@example.com"
}
[2026-02-10 14:12:56] [31merror[39m: [31mLogin failed[39m {
  "email": "auth-test-1770729171940@example.com",
  "error": {
    "name": "InvalidCredentialsError"
  }
}
[2026-02-10 14:12:56] [35mhttp[39m: [35m::ffff:127.0.0.1 - - [10/Feb/2026:13:12:56 +0000] "POST /api/auth/login HTTP/1.1" 401 53 "-" "-"[39m 
[2026-02-10 14:12:57] [32minfo[39m: [32mRegistering org admin[39m {
  "email": "auth-test-1770729171940@example.com"
}
[2026-02-10 14:12:57] [32minfo[39m: [32mOrg admin registered successfully[39m {
  "userId": "48e2f6e1-7aa9-4e50-802d-0ad8034d180c",
  "email": "auth-test-1770729171940@example.com"
}
[2026-02-10 14:12:57] [32minfo[39m: [32mOrg admin registered via API[39m {
  "email": "auth-test-1770729171940@example.com"
}
[2026-02-10 14:12:57] [35mhttp[39m: [35m::ffff:127.0.0.1 - - [10/Feb/2026:13:12:57 +0000] "POST /api/auth/register HTTP/1.1" 201 155 "-" "-"[39m 
[2026-02-10 14:12:57] [32minfo[39m: [32mRegistering org admin[39m {
  "email": "auth-test-1770729171940@example.com"
}
[2026-02-10 14:12:58] [31merror[39m: [31mFailed to register org admin[39m {
  "email": "auth-test-1770729171940@example.com",
  "error": {
    "name": "UserAlreadyExistsError"
  }
}
[2026-02-10 14:12:58] [35mhttp[39m: [35m::ffff:127.0.0.1 - - [10/Feb/2026:13:12:58 +0000] "POST /api/auth/register HTTP/1.1" 409 94 "-" "-"[39m 
  console.log
    
    ­ƒöî Test environment cleaned up

      at cleanupTestEnv (src/api/integration/__tests__/_setup.ts:94:15)

PASS src/api/integration/__tests__/01-auth.test.ts (6.67 s)
  Auth API
    ÔêÜ should register a new org admin (1076 ms)
    ÔêÜ should login successfully and return token (1248 ms)
    ÔêÜ should reject login with invalid credentials (1235 ms)
    ÔêÜ should reject duplicate registration (1191 ms)

  console.log
    ­ƒöº Environment Configuration Loaded

      at Object.<anonymous> (src/preload.ts:7:9)

  console.log
      NODE_ENV: test

      at Object.<anonymous> (src/preload.ts:8:9)

  console.log
      DATABASE_URL: SET

      at Object.<anonymous> (src/preload.ts:9:9)

  console.log
      PORT: 3001

      at Object.<anonymous> (src/preload.ts:10:9)

  console.log
    
    ­ƒôè PostgreSQL Connection Configuration:

      at Object.<anonymous> (src/db.ts:6:9)

  console.log
      URL: postgresql://postgres:gdJBJcoNQarrHQLXYtHlGtHVIdWL...

      at Object.<anonymous> (src/db.ts:7:9)

  console.log
    Ô£à Database pool connection established

      at BoundPool.<anonymous> (src/db.ts:29:11)

  console.warn
    ÔÜá´©Å  Could not verify description column - skipping

    [0m [90m 233 |[39m         }
     [90m 234 |[39m       } [36mcatch[39m (error) {
    [31m[1m>[22m[39m[90m 235 |[39m         console[33m.[39mwarn([32m'ÔÜá´©Å  Could not verify description column - skipping'[39m)[33m;[39m
     [90m     |[39m                 [31m[1m^[22m[39m
     [90m 236 |[39m       }
     [90m 237 |[39m     })[33m;[39m
     [90m 238 |[39m[0m

      at Object.<anonymous> (src/database/schemas.test.ts:235:17)

PASS src/database/schemas.test.ts
  Database Schema Validation
    SAMPLE_SCHEMA Structure
      ÔêÜ should have all required column definitions (1 ms)
      ÔêÜ should have required columns marked as required (1 ms)
      ÔêÜ should have optional columns marked as not required
    Validation Schemas Alignment
      ÔêÜ CreateRequest schema should require sampleId and description
      ÔêÜ CreateRequest schema should reject missing sampleId (1 ms)
      ÔêÜ CreateRequest schema should reject missing description
      ÔêÜ UpdateRequest schema should allow partial updates
      ÔêÜ UpdateRequest schema should reject empty updates
      ÔêÜ CreateRequest schema should reject unknown fields (1 ms)
    Column Lists Consistency
      ÔêÜ insertColumns should not include id or timestamps
      ÔêÜ insertColumns should include all required fields (1 ms)
      ÔêÜ selectColumns should include all columns including id and timestamps
      ÔêÜ updateColumns should not include id or timestamps
    Database Verification
      ÔêÜ should connect to database (1595 ms)
      ÔêÜ Samples table should have correct columns (202 ms)
      ÔêÜ sample_id column should be VARCHAR(100) NOT NULL (186 ms)
      ÔêÜ description column should be TEXT NOT NULL (196 ms)
      ÔêÜ type column should be VARCHAR(50) and nullable (189 ms)

PASS src/tests/notificationsAndWorkspaces.test.ts
  Notification APIs
    Notification Preferences
      ÔêÜ should create notification preferences for user (65 ms)
      ÔêÜ should update notification preferences (95 ms)
    System Notifications
      ÔêÜ should create system announcement (92 ms)
      ÔêÜ should fetch system notifications for user (87 ms)
      ÔêÜ should handle notification expiration (96 ms)
    Notification Read Status
      ÔêÜ should mark notification as read (90 ms)
  Workspace APIs
    Workspace Listing
      ÔêÜ should list all workspaces with user count (61 ms)
      ÔêÜ should list workspaces with pagination (107 ms)
    Workspace Details
      ÔêÜ should get workspace with statistics (85 ms)
      ÔêÜ should track workspace creation and updates (81 ms)
    Workspace Isolation
      ÔêÜ should isolate data by workspace (86 ms)
      ÔêÜ should prevent cross-workspace access (103 ms)

PASS src/tests/dataIntegrity.test.ts
  Data Integrity & Access Control Tests
    Analysis Results Immutability
      ÔêÜ should allow creating analysis with results (83 ms)
      ÔêÜ should track revised analyses with supersedes_id (89 ms)
    Conflict Detection
      ÔêÜ should detect conflicting authoritative analyses (104 ms)
      ÔêÜ should allow non-authoritative analyses for same batch (89 ms)
    Batch Validation
      ÔêÜ should validate batch exists before creating analysis (93 ms)
      ÔêÜ should validate workspace consistency (90 ms)
    Audit Trail
      ÔêÜ should log analysis creation to audit log (105 ms)
    Pagination
      ÔêÜ should paginate analyses correctly (142 ms)

[2026-02-10 14:13:03] [32minfo[39m: [32mFetching samples for project[39m {
  "projectId": "proj-1",
  "workspaceId": "ws-1"
}
[2026-02-10 14:13:03] [32minfo[39m: [32mFetching samples for project[39m {
  "projectId": "proj-1",
  "workspaceId": "ws-1"
}
[2026-02-10 14:13:03] [31merror[39m: [31mFailed to list samples for project[39m {
  "projectId": "proj-1",
  "workspaceId": "ws-1",
  "error": {}
}
[2026-02-10 14:13:03] [32minfo[39m: [32mFetching sample[39m {
  "sampleId": "sample-1",
  "workspaceId": "ws-1"
}
[2026-02-10 14:13:03] [32minfo[39m: [32mFetching sample[39m {
  "sampleId": "sample-1",
  "workspaceId": "ws-1"
}
[2026-02-10 14:13:03] [31merror[39m: [31mFailed to get sample[39m {
  "sampleId": "sample-1",
  "workspaceId": "ws-1",
  "error": {
    "name": "SampleNotFoundError"
  }
}
[2026-02-10 14:13:03] [32minfo[39m: [32mCreating sample[39m {
  "workspaceId": "ws-1",
  "userId": "user-1",
  "projectId": "proj-1"
}
[2026-02-10 14:13:03] [32minfo[39m: [32mSample created successfully[39m {
  "sampleId": "sample-new",
  "userId": "user-1"
}
[2026-02-10 14:13:03] [32minfo[39m: [32mUpdating sample[39m {
  "sampleId": "sample-1",
  "workspaceId": "ws-1"
}
[2026-02-10 14:13:03] [32minfo[39m: [32mSample updated successfully[39m {
  "sampleId": "sample-1"
}
[2026-02-10 14:13:03] [32minfo[39m: [32mUpdating sample[39m {
  "sampleId": "sample-1",
  "workspaceId": "ws-1"
}
[2026-02-10 14:13:03] [31merror[39m: [31mFailed to update sample[39m {
  "sampleId": "sample-1",
  "workspaceId": "ws-1",
  "error": {
    "name": "InvalidSampleDataError"
  }
}
[2026-02-10 14:13:03] [32minfo[39m: [32mDeleting sample[39m {
  "sampleId": "sample-1",
  "workspaceId": "ws-1"
}
[2026-02-10 14:13:03] [32minfo[39m: [32mSample deleted successfully[39m {
  "sampleId": "sample-1"
}
PASS src/api/samples/__tests__/service.test.ts
  SampleService
    listSamples
      ÔêÜ should return list of samples for project (2 ms)
      ÔêÜ should handle errors (6 ms)
    getSample
      ÔêÜ should return specific sample (1 ms)
      ÔêÜ should throw SampleNotFoundError when not found (4 ms)
    createSample
      ÔêÜ should create a new sample (1 ms)
    updateSample
      ÔêÜ should update sample successfully
      ÔêÜ should throw error when no fields to update
    deleteSample
      ÔêÜ should delete sample without derived samples (1 ms)

PASS src/tests/contractConsistency.test.ts
  Batch Contract Consistency
    ÔêÜ batch_status enum values align across DB, API, and UI (1 ms)
    ÔêÜ execution_mode enum values align across DB, API, and UI
    ÔêÜ batch response fields align between API and UI (1 ms)

Test Suites: 5 failed, 10 passed, 15 total
Tests:       51 failed, 86 passed, 137 total
Snapshots:   0 total
Time:        340.129 s, estimated 345 s
Ran all test suites.
Force exiting Jest: Have you considered using `--detectOpenHandles` to detect 
async operations that kept running after all tests finished?
